Component: ARM Compiler 5.06 update 6 (build 750) Tool: armlink [4d35ed]

==============================================================================

Section Cross References

    startup_stm32f401xe.o(RESET) refers to startup_stm32f401xe.o(STACK) for __initial_sp
    startup_stm32f401xe.o(RESET) refers to startup_stm32f401xe.o(.text) for Reset_Handler
    startup_stm32f401xe.o(RESET) refers to stm32xx_it.o(i.NMI_Handler) for NMI_Handler
    startup_stm32f401xe.o(RESET) refers to stm32xx_it.o(i.HardFault_Handler) for HardFault_Handler
    startup_stm32f401xe.o(RESET) refers to stm32xx_it.o(i.SVC_Handler) for SVC_Handler
    startup_stm32f401xe.o(RESET) refers to stm32xx_it.o(i.DebugMon_Handler) for DebugMon_Handler
    startup_stm32f401xe.o(RESET) refers to stm32xx_it.o(i.PendSV_Handler) for PendSV_Handler
    startup_stm32f401xe.o(RESET) refers to stm32xx_it.o(i.SysTick_Handler) for SysTick_Handler
    startup_stm32f401xe.o(RESET) refers to stm32xx_it.o(i.EXTI0_IRQHandler) for EXTI0_IRQHandler
    startup_stm32f401xe.o(RESET) refers to stm32xx_it.o(i.EXTI15_10_IRQHandler) for EXTI15_10_IRQHandler
    startup_stm32f401xe.o(.text) refers to system_stm32f4xx.o(i.SystemInit) for SystemInit
    startup_stm32f401xe.o(.text) refers to entry.o(.ARM.Collect$$$$00000000) for __main
    bluenrg_interface.o(i.HAL_GPIO_EXTI_Callback) refers to hci.o(i.HCI_Isr) for HCI_Isr
    cube_hal_f4.o(i.SystemClock_Config) refers to stm32f4xx_hal_rcc.o(i.HAL_RCC_OscConfig) for HAL_RCC_OscConfig
    cube_hal_f4.o(i.SystemClock_Config) refers to stm32f4xx_hal_rcc.o(i.HAL_RCC_ClockConfig) for HAL_RCC_ClockConfig
    main.o(i.User_Process) refers to sensor_service.o(i.setConnectable) for setConnectable
    main.o(i.User_Process) refers to stm32f4xx_nucleo.o(i.BSP_PB_GetState) for BSP_PB_GetState
    main.o(i.User_Process) refers to sensor_service.o(i.send_char) for send_char
    main.o(i.User_Process) refers to sensor_service.o(.data) for set_connectable
    main.o(i.main) refers to stm32f4xx_hal.o(i.HAL_Init) for HAL_Init
    main.o(i.main) refers to stm32f4xx_nucleo.o(i.BSP_PB_Init) for BSP_PB_Init
    main.o(i.main) refers to cube_hal_f4.o(i.SystemClock_Config) for SystemClock_Config
    main.o(i.main) refers to stm32_bluenrg_ble.o(i.BNRG_SPI_Init) for BNRG_SPI_Init
    main.o(i.main) refers to hci.o(i.HCI_Init) for HCI_Init
    main.o(i.main) refers to stm32_bluenrg_ble.o(i.BlueNRG_RST) for BlueNRG_RST
    main.o(i.main) refers to bluenrg_utils_small.o(i.getBlueNRGVersion) for getBlueNRGVersion
    main.o(i.main) refers to osal.o(i.Osal_MemCpy) for Osal_MemCpy
    main.o(i.main) refers to bluenrg_hal_aci.o(i.aci_hal_write_config_data) for aci_hal_write_config_data
    main.o(i.main) refers to bluenrg_gatt_aci.o(i.aci_gatt_init) for aci_gatt_init
    main.o(i.main) refers to bluenrg_gap_aci.o(i.aci_gap_init_IDB04A1) for aci_gap_init_IDB04A1
    main.o(i.main) refers to strlen.o(.text) for strlen
    main.o(i.main) refers to bluenrg_gatt_aci.o(i.aci_gatt_update_char_value) for aci_gatt_update_char_value
    main.o(i.main) refers to bluenrg_gap_aci.o(i.aci_gap_init_IDB05A1) for aci_gap_init_IDB05A1
    main.o(i.main) refers to bluenrg_gap_aci.o(i.aci_gap_set_auth_requirement) for aci_gap_set_auth_requirement
    main.o(i.main) refers to sensor_service.o(i.Add_Acc_Service) for Add_Acc_Service
    main.o(i.main) refers to sensor_service.o(i.Add_Environmental_Sensor_Service) for Add_Environmental_Sensor_Service
    main.o(i.main) refers to bluenrg_hal_aci.o(i.aci_hal_set_tx_power_level) for aci_hal_set_tx_power_level
    main.o(i.main) refers to hci.o(i.HCI_Process) for HCI_Process
    main.o(i.main) refers to main.o(i.User_Process) for User_Process
    main.o(i.main) refers to main.o(.data) for .data
    main.o(i.main) refers to sensor_service.o(.bss) for axes_data
    main.o(i.send_long) refers to sensor_service.o(i.send_char) for send_char
    main.o(i.send_short) refers to sensor_service.o(i.send_char) for send_char
    stm32xx_it.o(i.EXTI0_IRQHandler) refers to stm32f4xx_hal_gpio.o(i.HAL_GPIO_EXTI_IRQHandler) for HAL_GPIO_EXTI_IRQHandler
    stm32xx_it.o(i.EXTI15_10_IRQHandler) refers to stm32f4xx_hal_gpio.o(i.HAL_GPIO_EXTI_IRQHandler) for HAL_GPIO_EXTI_IRQHandler
    stm32xx_it.o(i.EXTI15_10_IRQHandler) refers to stm32xx_it.o(.data) for .data
    stm32xx_it.o(i.SysTick_Handler) refers to stm32f4xx_hal.o(i.HAL_IncTick) for HAL_IncTick
    stm32xx_it.o(i.SysTick_Handler) refers to stm32xx_it.o(.data) for .data
    sensor_service.o(i.Acc_Update) refers to bluenrg_gatt_aci.o(i.aci_gatt_update_char_value) for aci_gatt_update_char_value
    sensor_service.o(i.Acc_Update) refers to sensor_service.o(.data) for .data
    sensor_service.o(i.Add_Acc_Service) refers to bluenrg_gatt_aci.o(i.aci_gatt_add_serv) for aci_gatt_add_serv
    sensor_service.o(i.Add_Acc_Service) refers to bluenrg_gatt_aci.o(i.aci_gatt_add_char) for aci_gatt_add_char
    sensor_service.o(i.Add_Acc_Service) refers to sensor_service.o(.data) for .data
[...]
    Removing stm32f4xx_hal_cortex.o(i.HAL_MPU_Disable), (28 bytes).
    Removing stm32f4xx_hal_cortex.o(i.HAL_MPU_Enable), (36 bytes).
    Removing stm32f4xx_hal_cortex.o(i.HAL_NVIC_ClearPendingIRQ), (22 bytes).
    Removing stm32f4xx_hal_cortex.o(i.HAL_NVIC_GetActive), (32 bytes).
    Removing stm32f4xx_hal_cortex.o(i.HAL_NVIC_GetPendingIRQ), (32 bytes).
    Removing stm32f4xx_hal_cortex.o(i.HAL_NVIC_GetPriority), (82 bytes).
    Removing stm32f4xx_hal_cortex.o(i.HAL_NVIC_GetPriorityGrouping), (16 bytes).
    Removing stm32f4xx_hal_cortex.o(i.HAL_NVIC_SetPendingIRQ), (22 bytes).
    Removing stm32f4xx_hal_cortex.o(i.HAL_NVIC_SystemReset), (36 bytes).
    Removing stm32f4xx_hal_cortex.o(i.HAL_SYSTICK_CLKSourceConfig), (24 bytes).
    Removing stm32f4xx_hal_cortex.o(i.HAL_SYSTICK_Callback), (2 bytes).
    Removing stm32f4xx_hal_cortex.o(i.HAL_SYSTICK_IRQHandler), (8 bytes).
    Removing stm32f4xx_hal_dma.o(.rev16_text), (4 bytes).
    Removing stm32f4xx_hal_dma.o(.revsh_text), (4 bytes).
    Removing stm32f4xx_hal_dma.o(.rrx_text), (6 bytes).
    Removing stm32f4xx_hal_dma.o(i.DMA_CalcBaseAndBitshift), (40 bytes).
    Removing stm32f4xx_hal_dma.o(i.DMA_CheckFifoParam), (84 bytes).
    Removing stm32f4xx_hal_dma.o(i.DMA_SetConfig), (40 bytes).
    Removing stm32f4xx_hal_dma.o(i.HAL_DMA_Abort), (142 bytes).
    Removing stm32f4xx_hal_dma.o(i.HAL_DMA_Abort_IT), (36 bytes).
    Removing stm32f4xx_hal_dma.o(i.HAL_DMA_DeInit), (86 bytes).
    Removing stm32f4xx_hal_dma.o(i.HAL_DMA_GetError), (4 bytes).
    Removing stm32f4xx_hal_dma.o(i.HAL_DMA_GetState), (6 bytes).
    Removing stm32f4xx_hal_dma.o(i.HAL_DMA_IRQHandler), (416 bytes).
    Removing stm32f4xx_hal_dma.o(i.HAL_DMA_Init), (212 bytes).
    Removing stm32f4xx_hal_dma.o(i.HAL_DMA_PollForTransfer), (292 bytes).
    Removing stm32f4xx_hal_dma.o(i.HAL_DMA_RegisterCallback), (80 bytes).
    Removing stm32f4xx_hal_dma.o(i.HAL_DMA_Start), (70 bytes).
    Removing stm32f4xx_hal_dma.o(i.HAL_DMA_Start_IT), (120 bytes).
    Removing stm32f4xx_hal_dma.o(i.HAL_DMA_UnRegisterCallback), (96 bytes).
    Removing stm32f4xx_hal_dma.o(.constdata), (8 bytes).
    Removing stm32f4xx_hal_flash.o(.rev16_text), (4 bytes).
    Removing stm32f4xx_hal_flash.o(.revsh_text), (4 bytes).
    Removing stm32f4xx_hal_flash.o(.rrx_text), (6 bytes).
    Removing stm32f4xx_hal_flash.o(i.FLASH_Program_Byte), (32 bytes).
    Removing stm32f4xx_hal_flash.o(i.FLASH_Program_DoubleWord), (40 bytes).
    Removing stm32f4xx_hal_flash.o(i.FLASH_Program_HalfWord), (36 bytes).
    Removing stm32f4xx_hal_flash.o(i.FLASH_Program_Word), (36 bytes).
    Removing stm32f4xx_hal_flash.o(i.FLASH_SetErrorCode), (124 bytes).
    Removing stm32f4xx_hal_flash.o(i.FLASH_WaitForLastOperation), (80 bytes).
    Removing stm32f4xx_hal_flash.o(i.HAL_FLASH_EndOfOperationCallback), (2 bytes).
    Removing stm32f4xx_hal_flash.o(i.HAL_FLASH_GetError), (12 bytes).
    Removing stm32f4xx_hal_flash.o(i.HAL_FLASH_IRQHandler), (204 bytes).
    Removing stm32f4xx_hal_flash.o(i.HAL_FLASH_Lock), (20 bytes).
    Removing stm32f4xx_hal_flash.o(i.HAL_FLASH_OB_Launch), (24 bytes).
    Removing stm32f4xx_hal_flash.o(i.HAL_FLASH_OB_Lock), (20 bytes).
    Removing stm32f4xx_hal_flash.o(i.HAL_FLASH_OB_Unlock), (40 bytes).
    Removing stm32f4xx_hal_flash.o(i.HAL_FLASH_OperationErrorCallback), (2 bytes).
    Removing stm32f4xx_hal_flash.o(i.HAL_FLASH_Program), (124 bytes).
    Removing stm32f4xx_hal_flash.o(i.HAL_FLASH_Program_IT), (108 bytes).
    Removing stm32f4xx_hal_flash.o(i.HAL_FLASH_Unlock), (44 bytes).
    Removing stm32f4xx_hal_flash.o(.bss), (32 bytes).
    Removing stm32f4xx_hal_flash_ex.o(.rev16_text), (4 bytes).
    Removing stm32f4xx_hal_flash_ex.o(.revsh_text), (4 bytes).
    Removing stm32f4xx_hal_flash_ex.o(.rrx_text), (6 bytes).
    Removing stm32f4xx_hal_flash_ex.o(i.FLASH_Erase_Sector), (80 bytes).
    Removing stm32f4xx_hal_flash_ex.o(i.FLASH_FlushCaches), (84 bytes).
    Removing stm32f4xx_hal_flash_ex.o(i.FLASH_MassErase), (40 bytes).
    Removing stm32f4xx_hal_flash_ex.o(i.HAL_FLASHEx_AdvOBGetConfig), (12 bytes).
    Removing stm32f4xx_hal_flash_ex.o(i.HAL_FLASHEx_AdvOBProgram), (60 bytes).
    Removing stm32f4xx_hal_flash_ex.o(i.HAL_FLASHEx_Erase), (152 bytes).
    Removing stm32f4xx_hal_flash_ex.o(i.HAL_FLASHEx_Erase_IT), (104 bytes).
    Removing stm32f4xx_hal_flash_ex.o(i.HAL_FLASHEx_OBGetConfig), (64 bytes).
    Removing stm32f4xx_hal_flash_ex.o(i.HAL_FLASHEx_OBProgram), (204 bytes).
    Removing stm32f4xx_hal_flash_ex.o(i.HAL_FLASHEx_OB_DeSelectPCROP), (20 bytes).
    Removing stm32f4xx_hal_flash_ex.o(i.HAL_FLASHEx_OB_SelectPCROP), (24 bytes).
    Removing stm32f4xx_hal_gpio.o(.rev16_text), (4 bytes).
    Removing stm32f4xx_hal_gpio.o(.revsh_text), (4 bytes).
    Removing stm32f4xx_hal_gpio.o(.rrx_text), (6 bytes).
    Removing stm32f4xx_hal_gpio.o(i.HAL_GPIO_DeInit), (272 bytes).
    Removing stm32f4xx_hal_gpio.o(i.HAL_GPIO_EXTI_Callback), (2 bytes).
    Removing stm32f4xx_hal_gpio.o(i.HAL_GPIO_LockPin), (34 bytes).
    Removing stm32f4xx_hal_gpio.o(i.HAL_GPIO_TogglePin), (8 bytes).
    Removing stm32f4xx_hal_pwr.o(.rev16_text), (4 bytes).
    Removing stm32f4xx_hal_pwr.o(.revsh_text), (4 bytes).
    Removing stm32f4xx_hal_pwr.o(.rrx_text), (6 bytes).
    Removing stm32f4xx_hal_pwr.o(i.HAL_PWR_ConfigPVD), (124 bytes).
    Removing stm32f4xx_hal_pwr.o(i.HAL_PWR_DeInit), (24 bytes).
    Removing stm32f4xx_hal_pwr.o(i.HAL_PWR_DisableBkUpAccess), (12 bytes).
    Removing stm32f4xx_hal_pwr.o(i.HAL_PWR_DisablePVD), (12 bytes).
    Removing stm32f4xx_hal_pwr.o(i.HAL_PWR_DisableSEVOnPend), (16 bytes).
    Removing stm32f4xx_hal_pwr.o(i.HAL_PWR_DisableSleepOnExit), (16 bytes).
    Removing stm32f4xx_hal_pwr.o(i.HAL_PWR_DisableWakeUpPin), (16 bytes).
    Removing stm32f4xx_hal_pwr.o(i.HAL_PWR_EnableBkUpAccess), (12 bytes).
    Removing stm32f4xx_hal_pwr.o(i.HAL_PWR_EnablePVD), (12 bytes).
    Removing stm32f4xx_hal_pwr.o(i.HAL_PWR_EnableSEVOnPend), (16 bytes).
    Removing stm32f4xx_hal_pwr.o(i.HAL_PWR_EnableSleepOnExit), (16 bytes).
    Removing stm32f4xx_hal_pwr.o(i.HAL_PWR_EnableWakeUpPin), (16 bytes).
    Removing stm32f4xx_hal_pwr.o(i.HAL_PWR_EnterSLEEPMode), (32 bytes).
    Removing stm32f4xx_hal_pwr.o(i.HAL_PWR_EnterSTANDBYMode), (32 bytes).
    Removing stm32f4xx_hal_pwr.o(i.HAL_PWR_EnterSTOPMode), (56 bytes).
    Removing stm32f4xx_hal_pwr.o(i.HAL_PWR_PVDCallback), (2 bytes).
    Removing stm32f4xx_hal_pwr.o(i.HAL_PWR_PVD_IRQHandler), (28 bytes).
    Removing stm32f4xx_hal_pwr_ex.o(.rev16_text), (4 bytes).
    Removing stm32f4xx_hal_pwr_ex.o(.revsh_text), (4 bytes).
    Removing stm32f4xx_hal_pwr_ex.o(.rrx_text), (6 bytes).
    Removing stm32f4xx_hal_pwr_ex.o(i.HAL_PWREx_ControlVoltageScaling), (176 bytes).
    Removing stm32f4xx_hal_pwr_ex.o(i.HAL_PWREx_DisableBkUpReg), (60 bytes).
    Removing stm32f4xx_hal_pwr_ex.o(i.HAL_PWREx_DisableFlashPowerDown), (12 bytes).
    Removing stm32f4xx_hal_pwr_ex.o(i.HAL_PWREx_DisableLowRegulatorLowVoltage), (12 bytes).
    Removing stm32f4xx_hal_pwr_ex.o(i.HAL_PWREx_DisableMainRegulatorLowVoltage), (12 bytes).
    Removing stm32f4xx_hal_pwr_ex.o(i.HAL_PWREx_EnableBkUpReg), (60 bytes).
    Removing stm32f4xx_hal_pwr_ex.o(i.HAL_PWREx_EnableFlashPowerDown), (12 bytes).
    Removing stm32f4xx_hal_pwr_ex.o(i.HAL_PWREx_EnableLowRegulatorLowVoltage), (12 bytes).
    Removing stm32f4xx_hal_pwr_ex.o(i.HAL_PWREx_EnableMainRegulatorLowVoltage), (12 bytes).
    Removing stm32f4xx_hal_pwr_ex.o(i.HAL_PWREx_GetVoltageRange), (16 bytes).
    Removing stm32f4xx_hal_rcc.o(.rev16_text), (4 bytes).
    Removing stm32f4xx_hal_rcc.o(.revsh_text), (4 bytes).
    Removing stm32f4xx_hal_rcc.o(.rrx_text), (6 bytes).
    Removing stm32f4xx_hal_rcc.o(i.HAL_RCC_CSSCallback), (2 bytes).
    Removing stm32f4xx_hal_rcc.o(i.HAL_RCC_DeInit), (4 bytes).
    Removing stm32f4xx_hal_rcc.o(i.HAL_RCC_DisableCSS), (12 bytes).
    Removing stm32f4xx_hal_rcc.o(i.HAL_RCC_EnableCSS), (12 bytes).
    Removing stm32f4xx_hal_rcc.o(i.HAL_RCC_GetClockConfig), (64 bytes).
    Removing stm32f4xx_hal_rcc.o(i.HAL_RCC_GetHCLKFreq), (12 bytes).
    Removing stm32f4xx_hal_rcc.o(i.HAL_RCC_GetOscConfig), (180 bytes).
    Removing stm32f4xx_hal_rcc.o(i.HAL_RCC_GetPCLK1Freq), (32 bytes).
    Removing stm32f4xx_hal_rcc.o(i.HAL_RCC_GetPCLK2Freq), (32 bytes).
    Removing stm32f4xx_hal_rcc.o(i.HAL_RCC_MCOConfig), (140 bytes).
    Removing stm32f4xx_hal_rcc.o(i.HAL_RCC_NMI_IRQHandler), (28 bytes).
    Removing stm32f4xx_hal_rcc_ex.o(.rev16_text), (4 bytes).
    Removing stm32f4xx_hal_rcc_ex.o(.revsh_text), (4 bytes).
    Removing stm32f4xx_hal_rcc_ex.o(.rrx_text), (6 bytes).
    Removing stm32f4xx_hal_rcc_ex.o(i.HAL_RCCEx_DisablePLLI2S), (52 bytes).
    Removing stm32f4xx_hal_rcc_ex.o(i.HAL_RCCEx_EnablePLLI2S), (104 bytes).
    Removing stm32f4xx_hal_rcc_ex.o(i.HAL_RCCEx_GetPeriphCLKConfig), (72 bytes).
    Removing stm32f4xx_hal_rcc_ex.o(i.HAL_RCCEx_GetPeriphCLKFreq), (92 bytes).
    Removing stm32f4xx_hal_rcc_ex.o(i.HAL_RCCEx_PeriphCLKConfig), (336 bytes).
    Removing stm32f4xx_hal_rcc_ex.o(i.HAL_RCC_DeInit), (304 bytes).
    Removing stm32f4xx_hal_spi.o(.rev16_text), (4 bytes).
    Removing stm32f4xx_hal_spi.o(.revsh_text), (4 bytes).
    Removing stm32f4xx_hal_spi.o(.rrx_text), (6 bytes).
    Removing stm32f4xx_hal_spi.o(i.HAL_SPI_Abort), (192 bytes).
    Removing stm32f4xx_hal_spi.o(i.HAL_SPI_AbortCpltCallback), (2 bytes).
    Removing stm32f4xx_hal_spi.o(i.HAL_SPI_Abort_IT), (232 bytes).
    Removing stm32f4xx_hal_spi.o(i.HAL_SPI_DMAPause), (38 bytes).
    Removing stm32f4xx_hal_spi.o(i.HAL_SPI_DMAResume), (38 bytes).
    Removing stm32f4xx_hal_spi.o(i.HAL_SPI_DMAStop), (40 bytes).
    Removing stm32f4xx_hal_spi.o(i.HAL_SPI_DeInit), (46 bytes).
    Removing stm32f4xx_hal_spi.o(i.HAL_SPI_ErrorCallback), (2 bytes).
    Removing stm32f4xx_hal_spi.o(i.HAL_SPI_GetError), (4 bytes).
    Removing stm32f4xx_hal_spi.o(i.HAL_SPI_GetState), (6 bytes).
    Removing stm32f4xx_hal_spi.o(i.HAL_SPI_IRQHandler), (212 bytes).
    Removing stm32f4xx_hal_spi.o(i.HAL_SPI_MspDeInit), (2 bytes).
    Removing stm32f4xx_hal_spi.o(i.HAL_SPI_MspInit), (2 bytes).
    Removing stm32f4xx_hal_spi.o(i.HAL_SPI_Receive), (498 bytes).
    Removing stm32f4xx_hal_spi.o(i.HAL_SPI_Receive_DMA), (244 bytes).
    Removing stm32f4xx_hal_spi.o(i.HAL_SPI_Receive_IT), (196 bytes).
    Removing stm32f4xx_hal_spi.o(i.HAL_SPI_RxCpltCallback), (2 bytes).
    Removing stm32f4xx_hal_spi.o(i.HAL_SPI_RxHalfCpltCallback), (2 bytes).
    Removing stm32f4xx_hal_spi.o(i.HAL_SPI_Transmit), (410 bytes).
    Removing stm32f4xx_hal_spi.o(i.HAL_SPI_TransmitReceive_DMA), (292 bytes).
    Removing stm32f4xx_hal_spi.o(i.HAL_SPI_TransmitReceive_IT), (196 bytes).
    Removing stm32f4xx_hal_spi.o(i.HAL_SPI_Transmit_DMA), (212 bytes).
    Removing stm32f4xx_hal_spi.o(i.HAL_SPI_Transmit_IT), (180 bytes).
    Removing stm32f4xx_hal_spi.o(i.HAL_SPI_TxCpltCallback), (2 bytes).
    Removing stm32f4xx_hal_spi.o(i.HAL_SPI_TxHalfCpltCallback), (2 bytes).
    Removing stm32f4xx_hal_spi.o(i.HAL_SPI_TxRxCpltCallback), (2 bytes).
    Removing stm32f4xx_hal_spi.o(i.HAL_SPI_TxRxHalfCpltCallback), (2 bytes).
    Removing stm32f4xx_hal_spi.o(i.SPI_2linesRxISR_16BIT), (64 bytes).
    Removing stm32f4xx_hal_spi.o(i.SPI_2linesRxISR_16BITCRC), (34 bytes).
    Removing stm32f4xx_hal_spi.o(i.SPI_2linesRxISR_8BIT), (64 bytes).
    Removing stm32f4xx_hal_spi.o(i.SPI_2linesRxISR_8BITCRC), (44 bytes).
    Removing stm32f4xx_hal_spi.o(i.SPI_2linesTxISR_16BIT), (74 bytes).
    Removing stm32f4xx_hal_spi.o(i.SPI_2linesTxISR_8BIT), (72 bytes).
    Removing stm32f4xx_hal_spi.o(i.SPI_AbortRx_ISR), (80 bytes).
    Removing stm32f4xx_hal_spi.o(i.SPI_AbortTx_ISR), (22 bytes).
    Removing stm32f4xx_hal_spi.o(i.SPI_CloseRxTx_ISR), (176 bytes).
    Removing stm32f4xx_hal_spi.o(i.SPI_CloseRx_ISR), (104 bytes).
    Removing stm32f4xx_hal_spi.o(i.SPI_CloseTx_ISR), (124 bytes).
    Removing stm32f4xx_hal_spi.o(i.SPI_DMAAbortOnError), (16 bytes).
    Removing stm32f4xx_hal_spi.o(i.SPI_DMAError), (34 bytes).
    Removing stm32f4xx_hal_spi.o(i.SPI_DMAHalfReceiveCplt), (10 bytes).
    Removing stm32f4xx_hal_spi.o(i.SPI_DMAHalfTransmitCplt), (10 bytes).
    Removing stm32f4xx_hal_spi.o(i.SPI_DMAHalfTransmitReceiveCplt), (10 bytes).
    Removing stm32f4xx_hal_spi.o(i.SPI_DMAReceiveCplt), (160 bytes).
    Removing stm32f4xx_hal_spi.o(i.SPI_DMARxAbortCallback), (70 bytes).
    Removing stm32f4xx_hal_spi.o(i.SPI_DMATransmitCplt), (90 bytes).
    Removing stm32f4xx_hal_spi.o(i.SPI_DMATransmitReceiveCplt), (152 bytes).
    Removing stm32f4xx_hal_spi.o(i.SPI_DMATxAbortCallback), (104 bytes).
    Removing stm32f4xx_hal_spi.o(i.SPI_RxISR_16BIT), (72 bytes).
    Removing stm32f4xx_hal_spi.o(i.SPI_RxISR_16BITCRC), (34 bytes).
    Removing stm32f4xx_hal_spi.o(i.SPI_RxISR_8BIT), (72 bytes).
    Removing stm32f4xx_hal_spi.o(i.SPI_RxISR_8BITCRC), (26 bytes).
    Removing stm32f4xx_hal_spi.o(i.SPI_TxISR_16BIT), (50 bytes).
    Removing stm32f4xx_hal_spi.o(i.SPI_TxISR_8BIT), (48 bytes).
    Removing hci.o(.rev16_text), (4 bytes).
    Removing hci.o(.revsh_text), (4 bytes).
    Removing hci.o(.rrx_text), (6 bytes).
    Removing hci.o(i.HCI_Event_CB), (2 bytes).
    Removing hci.o(i.hci_timeout_callback), (12 bytes).
    Removing hci_le.o(.rev16_text), (4 bytes).
    Removing hci_le.o(.revsh_text), (4 bytes).
    Removing hci_le.o(.rrx_text), (6 bytes).
    Removing hci_le.o(i.hci_disconnect), (76 bytes).
    Removing hci_le.o(i.hci_le_add_device_to_white_list), (78 bytes).
    Removing hci_le.o(i.hci_le_clear_white_list), (58 bytes).
    Removing hci_le.o(i.hci_le_create_connection), (166 bytes).
    Removing hci_le.o(i.hci_le_create_connection_cancel), (58 bytes).
    Removing hci_le.o(i.hci_le_encrypt), (118 bytes).
    Removing hci_le.o(i.hci_le_ltk_request_neg_reply), (82 bytes).
    Removing hci_le.o(i.hci_le_ltk_request_reply), (94 bytes).
    Removing hci_le.o(i.hci_le_rand), (92 bytes).
    Removing hci_le.o(i.hci_le_read_advertising_channel_tx_power), (88 bytes).
    Removing hci_le.o(i.hci_le_read_buffer_size), (96 bytes).
    Removing hci_le.o(i.hci_le_read_channel_map), (98 bytes).
    Removing hci_le.o(i.hci_le_read_local_supported_features), (86 bytes).
    Removing hci_le.o(i.hci_le_read_supported_states), (86 bytes).
    Removing hci_le.o(i.hci_le_read_white_list_size), (82 bytes).
    Removing hci_le.o(i.hci_le_receiver_test), (68 bytes).
    Removing hci_le.o(i.hci_le_remove_device_from_white_list), (78 bytes).
    Removing hci_le.o(i.hci_le_set_advertise_enable), (88 bytes).
    Removing hci_le.o(i.hci_le_set_advertising_data), (98 bytes).
    Removing hci_le.o(i.hci_le_set_advertising_parameters), (138 bytes).
    Removing hci_le.o(i.hci_le_set_random_address), (88 bytes).
    Removing hci_le.o(i.hci_le_set_scan_enable), (96 bytes).
    Removing hci_le.o(i.hci_le_set_scan_parameters), (112 bytes).
    Removing hci_le.o(i.hci_le_test_end), (82 bytes).
    Removing hci_le.o(i.hci_le_transmitter_test), (78 bytes).
    Removing hci_le.o(i.hci_read_bd_addr), (92 bytes).
    Removing hci_le.o(i.hci_read_rssi), (102 bytes).
    Removing hci_le.o(i.hci_read_transmit_power_level), (108 bytes).
    Removing hci_le.o(i.hci_reset), (56 bytes).
    Removing bluenrg_gap_aci.o(.rev16_text), (4 bytes).
    Removing bluenrg_gap_aci.o(.revsh_text), (4 bytes).
    Removing bluenrg_gap_aci.o(.rrx_text), (6 bytes).
    Removing bluenrg_gap_aci.o(i.aci_gap_allow_rebond_IDB04A1), (58 bytes).
    Removing bluenrg_gap_aci.o(i.aci_gap_allow_rebond_IDB05A1), (70 bytes).
    Removing bluenrg_gap_aci.o(i.aci_gap_authorization_response), (74 bytes).
    Removing bluenrg_gap_aci.o(i.aci_gap_clear_security_database), (58 bytes).
    Removing bluenrg_gap_aci.o(i.aci_gap_configure_whitelist), (58 bytes).
    Removing bluenrg_gap_aci.o(i.aci_gap_create_connection), (130 bytes).
    Removing bluenrg_gap_aci.o(i.aci_gap_delete_ad_type), (68 bytes).
    Removing bluenrg_gap_aci.o(i.aci_gap_get_bonded_devices), (100 bytes).
    Removing bluenrg_gap_aci.o(i.aci_gap_get_security_level), (108 bytes).
    Removing bluenrg_gap_aci.o(i.aci_gap_is_device_bonded), (78 bytes).
    Removing bluenrg_gap_aci.o(i.aci_gap_pass_key_response), (78 bytes).
    Removing bluenrg_gap_aci.o(i.aci_gap_resolve_private_address_IDB04A1), (76 bytes).
    Removing bluenrg_gap_aci.o(i.aci_gap_resolve_private_address_IDB05A1), (94 bytes).
    Removing bluenrg_gap_aci.o(i.aci_gap_send_pairing_request), (78 bytes).
    Removing bluenrg_gap_aci.o(i.aci_gap_set_author_requirement), (74 bytes).
    Removing bluenrg_gap_aci.o(i.aci_gap_set_broadcast_mode), (156 bytes).
    Removing bluenrg_gap_aci.o(i.aci_gap_set_direct_connectable_IDB04A1), (86 bytes).
    Removing bluenrg_gap_aci.o(i.aci_gap_set_direct_connectable_IDB05A1), (100 bytes).
    Removing bluenrg_gap_aci.o(i.aci_gap_set_io_capability), (68 bytes).
    Removing bluenrg_gap_aci.o(i.aci_gap_set_limited_discoverable), (212 bytes).
    Removing bluenrg_gap_aci.o(i.aci_gap_set_non_connectable_IDB04A1), (68 bytes).
    Removing bluenrg_gap_aci.o(i.aci_gap_set_non_connectable_IDB05A1), (74 bytes).
    Removing bluenrg_gap_aci.o(i.aci_gap_set_non_discoverable), (58 bytes).
    Removing bluenrg_gap_aci.o(i.aci_gap_set_undirected_connectable), (74 bytes).
    Removing bluenrg_gap_aci.o(i.aci_gap_slave_security_request), (82 bytes).
    Removing bluenrg_gap_aci.o(i.aci_gap_start_auto_conn_establish_proc_IDB04A1), (294 bytes).
    Removing bluenrg_gap_aci.o(i.aci_gap_start_auto_conn_establish_proc_IDB05A1), (270 bytes).
    Removing bluenrg_gap_aci.o(i.aci_gap_start_connection_update), (106 bytes).
    Removing bluenrg_gap_aci.o(i.aci_gap_start_general_conn_establish_proc_IDB04A1), (112 bytes).
    Removing bluenrg_gap_aci.o(i.aci_gap_start_general_conn_establish_proc_IDB05A1), (92 bytes).
    Removing bluenrg_gap_aci.o(i.aci_gap_start_general_discovery_proc), (86 bytes).
    Removing bluenrg_gap_aci.o(i.aci_gap_start_limited_discovery_proc), (86 bytes).
    Removing bluenrg_gap_aci.o(i.aci_gap_start_name_discovery_proc), (130 bytes).
    Removing bluenrg_gap_aci.o(i.aci_gap_start_observation_procedure), (92 bytes).
    Removing bluenrg_gap_aci.o(i.aci_gap_start_selective_conn_establish_proc), (126 bytes).
    Removing bluenrg_gap_aci.o(i.aci_gap_terminate), (78 bytes).
    Removing bluenrg_gap_aci.o(i.aci_gap_terminate_gap_procedure), (64 bytes).
    Removing bluenrg_gap_aci.o(i.aci_gap_update_adv_data), (90 bytes).
    Removing bluenrg_gatt_aci.o(.rev16_text), (4 bytes).
    Removing bluenrg_gatt_aci.o(.revsh_text), (4 bytes).
    Removing bluenrg_gatt_aci.o(.rrx_text), (6 bytes).
    Removing bluenrg_gatt_aci.o(i.aci_att_execute_write_req), (76 bytes).
    Removing bluenrg_gatt_aci.o(i.aci_att_find_by_type_value_req), (118 bytes).
    Removing bluenrg_gatt_aci.o(i.aci_att_find_information_req), (80 bytes).
    Removing bluenrg_gatt_aci.o(i.aci_att_prepare_write_req), (106 bytes).
    Removing bluenrg_gatt_aci.o(i.aci_att_read_by_group_type_req), (106 bytes).
    Removing bluenrg_gatt_aci.o(i.aci_att_read_by_type_req), (106 bytes).
    Removing bluenrg_gatt_aci.o(i.aci_gatt_confirm_indication), (72 bytes).
    Removing bluenrg_gatt_aci.o(i.aci_gatt_del_char), (76 bytes).
    Removing bluenrg_gatt_aci.o(i.aci_gatt_del_include_service), (76 bytes).
    Removing bluenrg_gatt_aci.o(i.aci_gatt_del_service), (72 bytes).
    Removing bluenrg_gatt_aci.o(i.aci_gatt_disc_all_charac_descriptors), (84 bytes).
    Removing bluenrg_gatt_aci.o(i.aci_gatt_disc_all_charac_of_serv), (84 bytes).
    Removing bluenrg_gatt_aci.o(i.aci_gatt_disc_all_prim_services), (76 bytes).
    Removing bluenrg_gatt_aci.o(i.aci_gatt_disc_charac_by_uuid), (154 bytes).
    Removing bluenrg_gatt_aci.o(i.aci_gatt_disc_prim_service_by_uuid), (102 bytes).
    Removing bluenrg_gatt_aci.o(i.aci_gatt_exchange_configuration), (76 bytes).
    Removing bluenrg_gatt_aci.o(i.aci_gatt_find_included_services), (84 bytes).
    Removing bluenrg_gatt_aci.o(i.aci_gatt_include_service), (180 bytes).
    Removing bluenrg_gatt_aci.o(i.aci_gatt_read_charac_desc), (80 bytes).
    Removing bluenrg_gatt_aci.o(i.aci_gatt_read_charac_val), (80 bytes).
    Removing bluenrg_gatt_aci.o(i.aci_gatt_read_handle_value), (112 bytes).
    Removing bluenrg_gatt_aci.o(i.aci_gatt_read_handle_value_offset_IDB05A1), (116 bytes).
    Removing bluenrg_gatt_aci.o(i.aci_gatt_read_long_charac_desc), (84 bytes).
    Removing bluenrg_gatt_aci.o(i.aci_gatt_read_long_charac_val), (84 bytes).
    Removing bluenrg_gatt_aci.o(i.aci_gatt_read_multiple_charac_val), (110 bytes).
    Removing bluenrg_gatt_aci.o(i.aci_gatt_read_using_charac_uuid), (106 bytes).
    Removing bluenrg_gatt_aci.o(i.aci_gatt_set_desc_value), (164 bytes).
    Removing bluenrg_gatt_aci.o(i.aci_gatt_set_event_mask), (70 bytes).
    Removing bluenrg_gatt_aci.o(i.aci_gatt_set_security_permission), (80 bytes).
    Removing bluenrg_gatt_aci.o(i.aci_gatt_signed_write_without_resp), (100 bytes).
    Removing bluenrg_gatt_aci.o(i.aci_gatt_update_char_value_ext_IDB05A1), (118 bytes).
    Removing bluenrg_gatt_aci.o(i.aci_gatt_write_charac_descriptor), (136 bytes).
    Removing bluenrg_gatt_aci.o(i.aci_gatt_write_charac_reliable), (110 bytes).
    Removing bluenrg_gatt_aci.o(i.aci_gatt_write_charac_value), (136 bytes).
    Removing bluenrg_gatt_aci.o(i.aci_gatt_write_long_charac_desc), (110 bytes).
    Removing bluenrg_gatt_aci.o(i.aci_gatt_write_long_charac_val), (110 bytes).
    Removing bluenrg_gatt_aci.o(i.aci_gatt_write_response), (148 bytes).
    Removing bluenrg_gatt_aci.o(i.aci_gatt_write_without_response), (100 bytes).
    Removing bluenrg_hal_aci.o(.rev16_text), (4 bytes).
    Removing bluenrg_hal_aci.o(.revsh_text), (4 bytes).
    Removing bluenrg_hal_aci.o(.rrx_text), (6 bytes).
    Removing bluenrg_hal_aci.o(i.aci_hal_device_standby), (58 bytes).
    Removing bluenrg_hal_aci.o(i.aci_hal_get_anchor_period), (80 bytes).
    Removing bluenrg_hal_aci.o(i.aci_hal_get_fw_build_number), (72 bytes).
    Removing bluenrg_hal_aci.o(i.aci_hal_get_link_status), (98 bytes).
    Removing bluenrg_hal_aci.o(i.aci_hal_le_tx_test_packet_number), (72 bytes).
    Removing bluenrg_hal_aci.o(i.aci_hal_read_config_data), (104 bytes).
    Removing bluenrg_hal_aci.o(i.aci_hal_tone_start), (68 bytes).
    Removing bluenrg_hal_aci.o(i.aci_hal_tone_stop), (58 bytes).
    Removing bluenrg_l2cap_aci.o(.rev16_text), (4 bytes).
    Removing bluenrg_l2cap_aci.o(.revsh_text), (4 bytes).
    Removing bluenrg_l2cap_aci.o(.rrx_text), (6 bytes).
    Removing bluenrg_l2cap_aci.o(i.aci_l2cap_connection_parameter_update_request), (94 bytes).
    Removing bluenrg_l2cap_aci.o(i.aci_l2cap_connection_parameter_update_response_IDB04A1), (104 bytes).
    Removing bluenrg_l2cap_aci.o(i.aci_l2cap_connection_parameter_update_response_IDB05A1), (112 bytes).
    Removing bluenrg_utils_small.o(.rev16_text), (4 bytes).
    Removing bluenrg_utils_small.o(.revsh_text), (4 bytes).
    Removing bluenrg_utils_small.o(.rrx_text), (6 bytes).
    Removing bluenrg_itf.o(.rev16_text), (4 bytes).
    Removing bluenrg_itf.o(.revsh_text), (4 bytes).
    Removing bluenrg_itf.o(.rrx_text), (6 bytes).
    Removing gp_timer.o(.rev16_text), (4 bytes).
    Removing gp_timer.o(.revsh_text), (4 bytes).
    Removing gp_timer.o(.rrx_text), (6 bytes).
    Removing gp_timer.o(i.Timer_Remaining), (18 bytes).
    Removing gp_timer.o(i.Timer_Reset), (10 bytes).
    Removing gp_timer.o(i.Timer_Restart), (12 bytes).
    Removing ble_list.o(.rev16_text), (4 bytes).
    Removing ble_list.o(.revsh_text), (4 bytes).
    Removing ble_list.o(.rrx_text), (6 bytes).
    Removing ble_list.o(i.list_get_next_node), (16 bytes).
    Removing ble_list.o(i.list_get_prev_node), (16 bytes).
    Removing ble_list.o(i.list_insert_node_after), (24 bytes).
    Removing ble_list.o(i.list_insert_node_before), (24 bytes).

481 unused section(s) (total 30312 bytes) removed from the image.

==============================================================================

Image Symbol Table

    Local Symbols

    Symbol Name                              Value     Ov Type        Size  Object(Section)

    ../clib/microlib/division.c              0x00000000   Number         0  uldiv.o ABSOLUTE
    ../clib/microlib/init/entry.s            0x00000000   Number         0  entry8a.o ABSOLUTE
    ../clib/microlib/init/entry.s            0x00000000   Number         0  entry2.o ABSOLUTE
    ../clib/microlib/init/entry.s            0x00000000   Number         0  entry11a.o ABSOLUTE
    ../clib/microlib/init/entry.s            0x00000000   Number         0  entry10b.o ABSOLUTE
    ../clib/microlib/init/entry.s            0x00000000   Number         0  entry10a.o ABSOLUTE
    ../clib/microlib/init/entry.s            0x00000000   Number         0  entry7a.o ABSOLUTE
    ../clib/microlib/init/entry.s            0x00000000   Number         0  entry9b.o ABSOLUTE
    ../clib/microlib/init/entry.s            0x00000000   Number         0  entry9a.o ABSOLUTE
    ../clib/microlib/init/entry.s            0x00000000   Number         0  entry8b.o ABSOLUTE
    ../clib/microlib/init/entry.s            0x00000000   Number         0  entry7b.o ABSOLUTE
    ../clib/microlib/init/entry.s            0x00000000   Number         0  entry.o ABSOLUTE
    ../clib/microlib/init/entry.s            0x00000000   Number         0  entry11b.o ABSOLUTE
    ../clib/microlib/init/entry.s            0x00000000   Number         0  entry5.o ABSOLUTE
    ../clib/microlib/longlong.c              0x00000000   Number         0  llushr.o ABSOLUTE
    ../clib/microlib/longlong.c              0x00000000   Number         0  llshl.o ABSOLUTE
    ../clib/microlib/stdlib/rand.c           0x00000000   Number         0  rand.o ABSOLUTE
    ../clib/microlib/string/memcpy.c         0x00000000   Number         0  memcpy.o ABSOLUTE
    ../clib/microlib/string/memcpy.c         0x00000000   Number         0  memcpyc.o ABSOLUTE
    ../clib/microlib/string/memset.c         0x00000000   Number         0  memset.o ABSOLUTE
    ../clib/microlib/string/memset.c         0x00000000   Number         0  memseta.o ABSOLUTE
    ../clib/microlib/string/strlen.c         0x00000000   Number         0  strlen.o ABSOLUTE
    ..\..\..\..\..\..\Drivers\BSP\STM32F4xx-Nucleo\stm32f4xx_nucleo.c 0x00000000   Number         0  stm32f4xx_nucleo.o ABSOLUTE
    ..\..\..\..\..\..\Drivers\BSP\X-NUCLEO-IDB0xA1\stm32_bluenrg_ble.c 0x00000000   Number         0  stm32_bluenrg_ble.o ABSOLUTE
    ..\..\..\..\..\..\Drivers\STM32F4xx_HAL_Driver\Src\stm32f4xx_hal.c 0x00000000   Number         0  stm32f4xx_hal.o ABSOLUTE
    ..\..\..\..\..\..\Drivers\STM32F4xx_HAL_Driver\Src\stm32f4xx_hal_adc.c 0x00000000   Number         0  stm32f4xx_hal_adc.o ABSOLUTE
    ..\..\..\..\..\..\Drivers\STM32F4xx_HAL_Driver\Src\stm32f4xx_hal_adc_ex.c 0x00000000   Number         0  stm32f4xx_hal_adc_ex.o ABSOLUTE
    ..\..\..\..\..\..\Drivers\STM32F4xx_HAL_Driver\Src\stm32f4xx_hal_cortex.c 0x00000000   Number         0  stm32f4xx_hal_cortex.o ABSOLUTE
    ..\..\..\..\..\..\Drivers\STM32F4xx_HAL_Driver\Src\stm32f4xx_hal_dma.c 0x00000000   Number         0  stm32f4xx_hal_dma.o ABSOLUTE
    ..\..\..\..\..\..\Drivers\STM32F4xx_HAL_Driver\Src\stm32f4xx_hal_flash.c 0x00000000   Number         0  stm32f4xx_hal_flash.o ABSOLUTE
    ..\..\..\..\..\..\Drivers\STM32F4xx_HAL_Driver\Src\stm32f4xx_hal_flash_ex.c 0x00000000   Number         0  stm32f4xx_hal_flash_ex.o ABSOLUTE
    ..\..\..\..\..\..\Drivers\STM32F4xx_HAL_Driver\Src\stm32f4xx_hal_gpio.c 0x00000000   Number         0  stm32f4xx_hal_gpio.o ABSOLUTE
    ..\..\..\..\..\..\Drivers\STM32F4xx_HAL_Driver\Src\stm32f4xx_hal_pwr.c 0x00000000   Number         0  stm32f4xx_hal_pwr.o ABSOLUTE
    ..\..\..\..\..\..\Drivers\STM32F4xx_HAL_Driver\Src\stm32f4xx_hal_pwr_ex.c 0x00000000   Number         0  stm32f4xx_hal_pwr_ex.o ABSOLUTE
    ..\..\..\..\..\..\Drivers\STM32F4xx_HAL_Driver\Src\stm32f4xx_hal_rcc.c 0x00000000   Number         0  stm32f4xx_hal_rcc.o ABSOLUTE
    ..\..\..\..\..\..\Drivers\STM32F4xx_HAL_Driver\Src\stm32f4xx_hal_rcc_ex.c 0x00000000   Number         0  stm32f4xx_hal_rcc_ex.o ABSOLUTE
    ..\..\..\..\..\..\Drivers\STM32F4xx_HAL_Driver\Src\stm32f4xx_hal_spi.c 0x00000000   Number         0  stm32f4xx_hal_spi.o ABSOLUTE
    ..\..\..\..\..\..\Middlewares\ST\STM32_BlueNRG\Interface\bluenrg_itf.c 0x00000000   Number         0  bluenrg_itf.o ABSOLUTE
    ..\..\..\..\..\..\Middlewares\ST\STM32_BlueNRG\SimpleBlueNRG_HCI\hci\controller\bluenrg_gap_aci.c 0x00000000   Number         0  bluenrg_gap_aci.o ABSOLUTE
    ..\..\..\..\..\..\Middlewares\ST\STM32_BlueNRG\SimpleBlueNRG_HCI\hci\controller\bluenrg_gatt_aci.c 0x00000000   Number         0  bluenrg_gatt_aci.o ABSOLUTE
    ..\..\..\..\..\..\Middlewares\ST\STM32_BlueNRG\SimpleBlueNRG_HCI\hci\controller\bluenrg_hal_aci.c 0x00000000   Number         0  bluenrg_hal_aci.o ABSOLUTE
    ..\..\..\..\..\..\Middlewares\ST\STM32_BlueNRG\SimpleBlueNRG_HCI\hci\controller\bluenrg_l2cap_aci.c 0x00000000   Number         0  bluenrg_l2cap_aci.o ABSOLUTE
    ..\..\..\..\..\..\Middlewares\ST\STM32_BlueNRG\SimpleBlueNRG_HCI\hci\controller\bluenrg_utils_small.c 0x00000000   Number         0  bluenrg_utils_small.o ABSOLUTE
    ..\..\..\..\..\..\Middlewares\ST\STM32_BlueNRG\SimpleBlueNRG_HCI\hci\hci.c 0x00000000   Number         0  hci.o ABSOLUTE
    ..\..\..\..\..\..\Middlewares\ST\STM32_BlueNRG\SimpleBlueNRG_HCI\hci\hci_le.c 0x00000000   Number         0  hci_le.o ABSOLUTE
    ..\..\..\..\..\..\Middlewares\ST\STM32_BlueNRG\SimpleBlueNRG_HCI\utils\ble_list.c 0x00000000   Number         0  ble_list.o ABSOLUTE
    ..\..\..\..\..\..\Middlewares\ST\STM32_BlueNRG\SimpleBlueNRG_HCI\utils\gp_timer.c 0x00000000   Number         0  gp_timer.o ABSOLUTE
    ..\..\..\..\..\..\Middlewares\ST\STM32_BlueNRG\SimpleBlueNRG_HCI\utils\osal.c 0x00000000   Number         0  osal.o ABSOLUTE
    ..\..\Src\bluenrg_interface.c            0x00000000   Number         0  bluenrg_interface.o ABSOLUTE
    ..\..\Src\cube_hal_f4.c                  0x00000000   Number         0  cube_hal_f4.o ABSOLUTE
    ..\..\Src\main.c                         0x00000000   Number         0  main.o ABSOLUTE
    ..\..\Src\sensor_service.c               0x00000000   Number         0  sensor_service.o ABSOLUTE
    ..\..\Src\stm32f4xx_hal_msp.c            0x00000000   Number         0  stm32f4xx_hal_msp.o ABSOLUTE
    ..\..\Src\stm32xx_it.c                   0x00000000   Number         0  stm32xx_it.o ABSOLUTE
    ..\..\Src\system_stm32f4xx.c             0x00000000   Number         0  system_stm32f4xx.o ABSOLUTE
    ..\\..\\..\\..\\..\\..\\Drivers\\BSP\\STM32F4xx-Nucleo\\stm32f4xx_nucleo.c 0x00000000   Number         0  stm32f4xx_nucleo.o ABSOLUTE
    ..\\..\\..\\..\\..\\..\\Drivers\\BSP\\X-NUCLEO-IDB0xA1\\stm32_bluenrg_ble.c 0x00000000   Number         0  stm32_bluenrg_ble.o ABSOLUTE
    ..\\..\\..\\..\\..\\..\\Drivers\\STM32F4xx_HAL_Driver\\Src\\stm32f4xx_hal.c 0x00000000   Number         0  stm32f4xx_hal.o ABSOLUTE
    ..\\..\\..\\..\\..\\..\\Drivers\\STM32F4xx_HAL_Driver\\Src\\stm32f4xx_hal_adc.c 0x00000000   Number         0  stm32f4xx_hal_adc.o ABSOLUTE
    ..\\..\\..\\..\\..\\..\\Drivers\\STM32F4xx_HAL_Driver\\Src\\stm32f4xx_hal_adc_ex.c 0x00000000   Number         0  stm32f4xx_hal_adc_ex.o ABSOLUTE
    ..\\..\\..\\..\\..\\..\\Drivers\\STM32F4xx_HAL_Driver\\Src\\stm32f4xx_hal_cortex.c 0x00000000   Number         0  stm32f4xx_hal_cortex.o ABSOLUTE
    ..\\..\\..\\..\\..\\..\\Drivers\\STM32F4xx_HAL_Driver\\Src\\stm32f4xx_hal_dma.c 0x00000000   Number         0  stm32f4xx_hal_dma.o ABSOLUTE
    ..\\..\\..\\..\\..\\..\\Drivers\\STM32F4xx_HAL_Driver\\Src\\stm32f4xx_hal_flash.c 0x00000000   Number         0  stm32f4xx_hal_flash.o ABSOLUTE
    ..\\..\\..\\..\\..\\..\\Drivers\\STM32F4xx_HAL_Driver\\Src\\stm32f4xx_hal_flash_ex.c 0x00000000   Number         0  stm32f4xx_hal_flash_ex.o ABSOLUTE
    ..\\..\\..\\..\\..\\..\\Drivers\\STM32F4xx_HAL_Driver\\Src\\stm32f4xx_hal_gpio.c 0x00000000   Number         0  stm32f4xx_hal_gpio.o ABSOLUTE
    ..\\..\\..\\..\\..\\..\\Drivers\\STM32F4xx_HAL_Driver\\Src\\stm32f4xx_hal_pwr.c 0x00000000   Number         0  stm32f4xx_hal_pwr.o ABSOLUTE
    ..\\..\\..\\..\\..\\..\\Drivers\\STM32F4xx_HAL_Driver\\Src\\stm32f4xx_hal_pwr_ex.c 0x00000000   Number         0  stm32f4xx_hal_pwr_ex.o ABSOLUTE
    ..\\..\\..\\..\\..\\..\\Drivers\\STM32F4xx_HAL_Driver\\Src\\stm32f4xx_hal_rcc.c 0x00000000   Number         0  stm32f4xx_hal_rcc.o ABSOLUTE
    ..\\..\\..\\..\\..\\..\\Drivers\\STM32F4xx_HAL_Driver\\Src\\stm32f4xx_hal_rcc_ex.c 0x00000000   Number         0  stm32f4xx_hal_rcc_ex.o ABSOLUTE
    ..\\..\\..\\..\\..\\..\\Drivers\\STM32F4xx_HAL_Driver\\Src\\stm32f4xx_hal_spi.c 0x00000000   Number         0  stm32f4xx_hal_spi.o ABSOLUTE
    ..\\..\\..\\..\\..\\..\\Middlewares\\ST\\STM32_BlueNRG\\Interface\\bluenrg_itf.c 0x00000000   Number         0  bluenrg_itf.o ABSOLUTE
    ..\\..\\..\\..\\..\\..\\Middlewares\\ST\\STM32_BlueNRG\\SimpleBlueNRG_HCI\\hci\\controller\\bluenrg_gap_aci.c 0x00000000   Number         0  bluenrg_gap_aci.o ABSOLUTE
    ..\\..\\..\\..\\..\\..\\Middlewares\\ST\\STM32_BlueNRG\\SimpleBlueNRG_HCI\\hci\\controller\\bluenrg_gatt_aci.c 0x00000000   Number         0  bluenrg_gatt_aci.o ABSOLUTE
    ..\\..\\..\\..\\..\\..\\Middlewares\\ST\\STM32_BlueNRG\\SimpleBlueNRG_HCI\\hci\\controller\\bluenrg_hal_aci.c 0x00000000   Number         0  bluenrg_hal_aci.o ABSOLUTE
    ..\\..\\..\\..\\..\\..\\Middlewares\\ST\\STM32_BlueNRG\\SimpleBlueNRG_HCI\\hci\\controller\\bluenrg_l2cap_aci.c 0x00000000   Number         0  bluenrg_l2cap_aci.o ABSOLUTE
    ..\\..\\..\\..\\..\\..\\Middlewares\\ST\\STM32_BlueNRG\\SimpleBlueNRG_HCI\\hci\\controller\\bluenrg_utils_small.c 0x00000000   Number         0  bluenrg_utils_small.o ABSOLUTE
    ..\\..\\..\\..\\..\\..\\Middlewares\\ST\\STM32_BlueNRG\\SimpleBlueNRG_HCI\\hci\\hci.c 0x00000000   Number         0  hci.o ABSOLUTE
    ..\\..\\..\\..\\..\\..\\Middlewares\\ST\\STM32_BlueNRG\\SimpleBlueNRG_HCI\\hci\\hci_le.c 0x00000000   Number         0  hci_le.o ABSOLUTE
    ..\\..\\..\\..\\..\\..\\Middlewares\\ST\\STM32_BlueNRG\\SimpleBlueNRG_HCI\\utils\\ble_list.c 0x00000000   Number         0  ble_list.o ABSOLUTE
    ..\\..\\..\\..\\..\\..\\Middlewares\\ST\\STM32_BlueNRG\\SimpleBlueNRG_HCI\\utils\\gp_timer.c 0x00000000   Number         0  gp_timer.o ABSOLUTE
    ..\\..\\Src\\bluenrg_interface.c         0x00000000   Number         0  bluenrg_interface.o ABSOLUTE
    ..\\..\\Src\\cube_hal_f4.c               0x00000000   Number         0  cube_hal_f4.o ABSOLUTE
    ..\\..\\Src\\main.c                      0x00000000   Number         0  main.o ABSOLUTE
    ..\\..\\Src\\sensor_service.c            0x00000000   Number         0  sensor_service.o ABSOLUTE
    ..\\..\\Src\\stm32f4xx_hal_msp.c         0x00000000   Number         0  stm32f4xx_hal_msp.o ABSOLUTE
    ..\\..\\Src\\stm32xx_it.c                0x00000000   Number         0  stm32xx_it.o ABSOLUTE
    ..\\..\\Src\\system_stm32f4xx.c          0x00000000   Number         0  system_stm32f4xx.o ABSOLUTE
    dc.s                                     0x00000000   Number         0  dc.o ABSOLUTE
    handlers.s                               0x00000000   Number         0  handlers.o ABSOLUTE
    init.s                                   0x00000000   Number         0  init.o ABSOLUTE
    startup_stm32f401xe.s                    0x00000000   Number         0  startup_stm32f401xe.o ABSOLUTE
    RESET                                    0x08000000   Section      404  startup_stm32f401xe.o(RESET)
    .ARM.Collect$$$$00000000                 0x08000194   Section        0  entry.o(.ARM.Collect$$$$00000000)
    .ARM.Collect$$$$00000001                 0x08000194   Section        4  entry2.o(.ARM.Collect$$$$00000001)
    .ARM.Collect$$$$00000004                 0x08000198   Section        4  entry5.o(.ARM.Collect$$$$00000004)
    .ARM.Collect$$$$00000008                 0x0800019c   Section        0  entry7b.o(.ARM.Collect$$$$00000008)
    .ARM.Collect$$$$0000000A                 0x0800019c   Section        0  entry8b.o(.ARM.Collect$$$$0000000A)
    .ARM.Collect$$$$0000000B                 0x0800019c   Section        8  entry9a.o(.ARM.Collect$$$$0000000B)
    .ARM.Collect$$$$0000000D                 0x080001a4   Section        0  entry10a.o(.ARM.Collect$$$$0000000D)
    .ARM.Collect$$$$0000000F                 0x080001a4   Section        0  entry11a.o(.ARM.Collect$$$$0000000F)
    .ARM.Collect$$$$00002712                 0x080001a4   Section        4  entry2.o(.ARM.Collect$$$$00002712)
    __lit__00000000                          0x080001a4   Data           4  entry2.o(.ARM.Collect$$$$00002712)
    .text                                    0x080001a8   Section       36  startup_stm32f401xe.o(.text)
    $v0                                      0x080001a8   Number         0  startup_stm32f401xe.o(.text)
    .text                                    0x080001cc   Section        0  uldiv.o(.text)
    .text                                    0x08000230   Section        0  rand.o(.text)
    .text                                    0x08000254   Section        0  memcpy.o(.text)
    .text                                    0x0800027c   Section        0  memset.o(.text)
    .text                                    0x0800028e   Section        0  strlen.o(.text)
    .text                                    0x0800029c   Section        0  llshl.o(.text)
    .text                                    0x080002ba   Section        0  llushr.o(.text)
    .text                                    0x080002dc   Section       36  init.o(.text)
    i.Acc_Update                             0x08000300   Section        0  sensor_service.o(i.Acc_Update)
    i.Add_Acc_Service                        0x08000340   Section        0  sensor_service.o(i.Add_Acc_Service)
    i.Add_Environmental_Sensor_Service       0x080004c4   Section        0  sensor_service.o(i.Add_Environmental_Sensor_Service)
    i.BNRG_SPI_Init                          0x080007b8   Section        0  stm32_bluenrg_ble.o(i.BNRG_SPI_Init)
    i.BSP_PB_GetState                        0x080007f0   Section        0  stm32f4xx_nucleo.o(i.BSP_PB_GetState)
    i.BSP_PB_Init                            0x08000808   Section        0  stm32f4xx_nucleo.o(i.BSP_PB_Init)
    i.BlueNRG_DataPresent                    0x08000884   Section        0  stm32_bluenrg_ble.o(i.BlueNRG_DataPresent)
    i.BlueNRG_RST                            0x0800089c   Section        0  stm32_bluenrg_ble.o(i.BlueNRG_RST)
    i.BlueNRG_SPI_Read_All                   0x080008cc   Section        0  stm32_bluenrg_ble.o(i.BlueNRG_SPI_Read_All)
    i.BlueNRG_SPI_Write                      0x0800096c   Section        0  stm32_bluenrg_ble.o(i.BlueNRG_SPI_Write)
    i.Clear_SPI_EXTI_Flag                    0x08000a24   Section        0  stm32_bluenrg_ble.o(i.Clear_SPI_EXTI_Flag)
    i.DebugMon_Handler                       0x08000a30   Section        0  stm32xx_it.o(i.DebugMon_Handler)
    i.Disable_SPI_IRQ                        0x08000a32   Section        0  stm32_bluenrg_ble.o(i.Disable_SPI_IRQ)
    i.EXTI0_IRQHandler                       0x08000a38   Section        0  stm32xx_it.o(i.EXTI0_IRQHandler)
    i.EXTI15_10_IRQHandler                   0x08000a40   Section        0  stm32xx_it.o(i.EXTI15_10_IRQHandler)
    i.Enable_SPI_IRQ                         0x08000a58   Section        0  stm32_bluenrg_ble.o(i.Enable_SPI_IRQ)
    i.GAP_ConnectionComplete_CB              0x08000a60   Section        0  sensor_service.o(i.GAP_ConnectionComplete_CB)
    i.GAP_DisconnectionComplete_CB           0x08000a78   Section        0  sensor_service.o(i.GAP_DisconnectionComplete_CB)
    i.HAL_Delay                              0x08000a8c   Section        0  stm32f4xx_hal.o(i.HAL_Delay)
    i.HAL_GPIO_EXTI_Callback                 0x08000ab0   Section        0  bluenrg_interface.o(i.HAL_GPIO_EXTI_Callback)
    i.HAL_GPIO_EXTI_IRQHandler               0x08000ab4   Section        0  stm32f4xx_hal_gpio.o(i.HAL_GPIO_EXTI_IRQHandler)
    i.HAL_GPIO_Init                          0x08000acc   Section        0  stm32f4xx_hal_gpio.o(i.HAL_GPIO_Init)
    i.HAL_GPIO_ReadPin                       0x08000c54   Section        0  stm32f4xx_hal_gpio.o(i.HAL_GPIO_ReadPin)
    i.HAL_GPIO_WritePin                      0x08000c5e   Section        0  stm32f4xx_hal_gpio.o(i.HAL_GPIO_WritePin)
    i.HAL_GetTick                            0x08000c68   Section        0  stm32f4xx_hal.o(i.HAL_GetTick)
    i.HAL_IncTick                            0x08000c74   Section        0  stm32f4xx_hal.o(i.HAL_IncTick)
    i.HAL_Init                               0x08000c84   Section        0  stm32f4xx_hal.o(i.HAL_Init)
    i.HAL_InitTick                           0x08000cb8   Section        0  stm32f4xx_hal.o(i.HAL_InitTick)
    i.HAL_MspInit                            0x08000cf8   Section        0  stm32f4xx_hal.o(i.HAL_MspInit)
    i.HAL_NVIC_DisableIRQ                    0x08000cfa   Section        0  stm32f4xx_hal_cortex.o(i.HAL_NVIC_DisableIRQ)
    i.HAL_NVIC_EnableIRQ                     0x08000d10   Section        0  stm32f4xx_hal_cortex.o(i.HAL_NVIC_EnableIRQ)
    i.HAL_NVIC_SetPriority                   0x08000d28   Section        0  stm32f4xx_hal_cortex.o(i.HAL_NVIC_SetPriority)
    i.HAL_NVIC_SetPriorityGrouping           0x08000d68   Section        0  stm32f4xx_hal_cortex.o(i.HAL_NVIC_SetPriorityGrouping)
    i.HAL_RCC_ClockConfig                    0x08000d8c   Section        0  stm32f4xx_hal_rcc.o(i.HAL_RCC_ClockConfig)
    i.HAL_RCC_GetSysClockFreq                0x08000ebc   Section        0  stm32f4xx_hal_rcc.o(i.HAL_RCC_GetSysClockFreq)
    i.HAL_RCC_OscConfig                      0x08000f20   Section        0  stm32f4xx_hal_rcc.o(i.HAL_RCC_OscConfig)
    i.HAL_SPI_Init                           0x0800123c   Section        0  stm32f4xx_hal_spi.o(i.HAL_SPI_Init)
    i.HAL_SPI_MspInit                        0x080012c8   Section        0  stm32f4xx_hal_msp.o(i.HAL_SPI_MspInit)
    i.HAL_SPI_TransmitReceive                0x08001418   Section        0  stm32f4xx_hal_spi.o(i.HAL_SPI_TransmitReceive)
    i.HAL_SYSTICK_Config                     0x08001686   Section        0  stm32f4xx_hal_cortex.o(i.HAL_SYSTICK_Config)
    i.HCI_Event_CB                           0x080016ae   Section        0  sensor_service.o(i.HCI_Event_CB)
    i.HCI_Init                               0x080016ec   Section        0  hci.o(i.HCI_Init)
    i.HCI_Isr                                0x08001724   Section        0  hci.o(i.HCI_Isr)
    i.HCI_Process                            0x08001784   Section        0  hci.o(i.HCI_Process)
    i.HCI_Queue_Empty                        0x080017cc   Section        0  hci.o(i.HCI_Queue_Empty)
    i.HCI_verify                             0x080017d8   Section        0  hci.o(i.HCI_verify)
    i.Hal_Write_Serial                       0x080017fa   Section        0  stm32_bluenrg_ble.o(i.Hal_Write_Serial)
    i.HardFault_Handler                      0x0800182c   Section        0  stm32xx_it.o(i.HardFault_Handler)
    i.Humidity_Update                        0x08001830   Section        0  sensor_service.o(i.Humidity_Update)
    i.NMI_Handler                            0x08001854   Section        0  stm32xx_it.o(i.NMI_Handler)
    i.NVIC_SetPriority                       0x08001856   Section        0  stm32f4xx_hal_cortex.o(i.NVIC_SetPriority)
    NVIC_SetPriority                         0x08001857   Thumb Code    32  stm32f4xx_hal_cortex.o(i.NVIC_SetPriority)
    i.Osal_MemCpy                            0x08001876   Section        0  osal.o(i.Osal_MemCpy)
    i.Osal_MemSet                            0x0800187a   Section        0  osal.o(i.Osal_MemSet)
    i.PendSV_Handler                         0x0800187e   Section        0  stm32xx_it.o(i.PendSV_Handler)
    i.Press_Update                           0x08001880   Section        0  sensor_service.o(i.Press_Update)
    i.Read_Request_CB                        0x080018a4   Section        0  sensor_service.o(i.Read_Request_CB)
    i.SPI_CheckFlag_BSY                      0x08001960   Section        0  stm32f4xx_hal_spi.o(i.SPI_CheckFlag_BSY)
    SPI_CheckFlag_BSY                        0x08001961   Thumb Code    32  stm32f4xx_hal_spi.o(i.SPI_CheckFlag_BSY)
    i.SPI_WaitFlagStateUntilTimeout          0x08001980   Section        0  stm32f4xx_hal_spi.o(i.SPI_WaitFlagStateUntilTimeout)
    SPI_WaitFlagStateUntilTimeout            0x08001981   Thumb Code   150  stm32f4xx_hal_spi.o(i.SPI_WaitFlagStateUntilTimeout)
    i.SVC_Handler                            0x08001a16   Section        0  stm32xx_it.o(i.SVC_Handler)
    i.SysTick_Handler                        0x08001a18   Section        0  stm32xx_it.o(i.SysTick_Handler)
    i.SystemClock_Config                     0x08001a2c   Section        0  cube_hal_f4.o(i.SystemClock_Config)
    i.SystemInit                             0x08001a68   Section        0  system_stm32f4xx.o(i.SystemInit)
    i.Temp_Update                            0x08001abc   Section        0  sensor_service.o(i.Temp_Update)
    i.Timer_Expired                          0x08001ae0   Section        0  gp_timer.o(i.Timer_Expired)
    i.Timer_Set                              0x08001afc   Section        0  gp_timer.o(i.Timer_Set)
    i.User_Process                           0x08001b0c   Section        0  main.o(i.User_Process)
    i.__scatterload_copy                     0x08001b60   Section       14  handlers.o(i.__scatterload_copy)
    i.__scatterload_null                     0x08001b6e   Section        2  handlers.o(i.__scatterload_null)
    i.__scatterload_zeroinit                 0x08001b70   Section       14  handlers.o(i.__scatterload_zeroinit)
    i.aci_gap_init_IDB04A1                   0x08001b7e   Section        0  bluenrg_gap_aci.o(i.aci_gap_init_IDB04A1)
    i.aci_gap_init_IDB05A1                   0x08001bec   Section        0  bluenrg_gap_aci.o(i.aci_gap_init_IDB05A1)
    i.aci_gap_set_auth_requirement           0x08001c62   Section        0  bluenrg_gap_aci.o(i.aci_gap_set_auth_requirement)
    i.aci_gap_set_discoverable               0x08001cd8   Section        0  bluenrg_gap_aci.o(i.aci_gap_set_discoverable)
    i.aci_gatt_add_char                      0x08001db8   Section        0  bluenrg_gatt_aci.o(i.aci_gatt_add_char)
    i.aci_gatt_add_char_desc                 0x08001e7a   Section        0  bluenrg_gatt_aci.o(i.aci_gatt_add_char_desc)
    i.aci_gatt_add_serv                      0x08001f70   Section        0  bluenrg_gatt_aci.o(i.aci_gatt_add_serv)
    i.aci_gatt_allow_read                    0x08001ff4   Section        0  bluenrg_gatt_aci.o(i.aci_gatt_allow_read)
    i.aci_gatt_init                          0x0800203c   Section        0  bluenrg_gatt_aci.o(i.aci_gatt_init)
    i.aci_gatt_update_char_value             0x08002078   Section        0  bluenrg_gatt_aci.o(i.aci_gatt_update_char_value)
    i.aci_hal_set_tx_power_level             0x08002108   Section        0  bluenrg_hal_aci.o(i.aci_hal_set_tx_power_level)
    i.aci_hal_write_config_data              0x08002152   Section        0  bluenrg_hal_aci.o(i.aci_hal_write_config_data)
    i.getBlueNRGVersion                      0x080021b2   Section        0  bluenrg_utils_small.o(i.getBlueNRGVersion)
    i.hci_le_read_local_version              0x08002204   Section        0  hci_le.o(i.hci_le_read_local_version)
    i.hci_le_set_scan_resp_data              0x08002284   Section        0  hci_le.o(i.hci_le_set_scan_resp_data)
    i.hci_send_cmd                           0x080022e8   Section        0  hci.o(i.hci_send_cmd)
    i.hci_send_req                           0x08002318   Section        0  hci.o(i.hci_send_req)
    i.hci_write                              0x08002484   Section        0  hci.o(i.hci_write)
    i.list_get_size                          0x08002488   Section        0  ble_list.o(i.list_get_size)
    i.list_init_head                         0x080024a4   Section        0  ble_list.o(i.list_init_head)
    i.list_insert_head                       0x080024aa   Section        0  ble_list.o(i.list_insert_head)
    i.list_insert_tail                       0x080024c2   Section        0  ble_list.o(i.list_insert_tail)
    i.list_is_empty                          0x080024da   Section        0  ble_list.o(i.list_is_empty)
    i.list_remove_head                       0x080024f2   Section        0  ble_list.o(i.list_remove_head)
    i.list_remove_node                       0x08002516   Section        0  ble_list.o(i.list_remove_node)
    i.list_remove_tail                       0x0800252c   Section        0  ble_list.o(i.list_remove_tail)
    i.main                                   0x08002550   Section        0  main.o(i.main)
    i.move_list                              0x08002648   Section        0  hci.o(i.move_list)
    move_list                                0x08002649   Thumb Code    36  hci.o(i.move_list)
    i.send_char                              0x0800266c   Section        0  sensor_service.o(i.send_char)
    i.setConnectable                         0x08002690   Section        0  sensor_service.o(i.setConnectable)
    .constdata                               0x080026d0   Section        6  stm32f4xx_nucleo.o(.constdata)
    .constdata                               0x080026d6   Section       16  system_stm32f4xx.o(.constdata)
    .data                                    0x20000000   Section        1  main.o(.data)
    .data                                    0x20000004   Section        8  stm32xx_it.o(.data)
    .data                                    0x2000000c   Section       24  sensor_service.o(.data)
    .data                                    0x20000024   Section       12  stm32f4xx_nucleo.o(.data)
    .data                                    0x20000030   Section        4  system_stm32f4xx.o(.data)
    .data                                    0x20000034   Section       12  stm32f4xx_hal.o(.data)
    .data                                    0x20000040   Section       20  hci.o(.data)
    hci_timeout                              0x20000040   Data           1  hci.o(.data)
    .data                                    0x20000054   Section        4  rand.o(.data)
    _rand_state                              0x20000054   Data           4  rand.o(.data)
    .bss                                     0x20000058   Section       12  sensor_service.o(.bss)
    .bss                                     0x20000064   Section       88  stm32_bluenrg_ble.o(.bss)
    .bss                                     0x200000bc   Section      700  hci.o(.bss)
    hciReadPacketBuffer                      0x200000bc   Data         700  hci.o(.bss)
    STACK                                    0x20000378   Section     1024  startup_stm32f401xe.o(STACK)

    Global Symbols

    Symbol Name                              Value     Ov Type        Size  Object(Section)

    BuildAttributes$$THM_ISAv4$E$P$D$K$B$S$7EM$VFPi3$EXTD16$VFPS$VFMA$PE$A:L22UL41UL21$X:L11$S22US41US21$IEEE1$IW$USESV6$~STKCKD$USESV7$~SHL$OSPACE$EBA8$MICROLIB$REQ8$PRES8$EABIv2 0x00000000   Number         0  anon$$obj.o ABSOLUTE
    __ARM_use_no_argv                        0x00000000   Number         0  main.o ABSOLUTE
    __cpp_initialize__aeabi_                  - Undefined Weak Reference
    __cxa_finalize                            - Undefined Weak Reference
    __decompress                              - Undefined Weak Reference
    _clock_init                               - Undefined Weak Reference
    _microlib_exit                            - Undefined Weak Reference
    __Vectors_Size                           0x00000194   Number         0  startup_stm32f401xe.o ABSOLUTE
    __Vectors                                0x08000000   Data           4  startup_stm32f401xe.o(RESET)
    __Vectors_End                            0x08000194   Data           0  startup_stm32f401xe.o(RESET)
    __main                                   0x08000195   Thumb Code     0  entry.o(.ARM.Collect$$$$00000000)
    _main_stk                                0x08000195   Thumb Code     0  entry2.o(.ARM.Collect$$$$00000001)
    _main_scatterload                        0x08000199   Thumb Code     0  entry5.o(.ARM.Collect$$$$00000004)
    __main_after_scatterload                 0x0800019d   Thumb Code     0  entry5.o(.ARM.Collect$$$$00000004)
    _main_clock                              0x0800019d   Thumb Code     0  entry7b.o(.ARM.Collect$$$$00000008)
    _main_cpp_init                           0x0800019d   Thumb Code     0  entry8b.o(.ARM.Collect$$$$0000000A)
    _main_init                               0x0800019d   Thumb Code     0  entry9a.o(.ARM.Collect$$$$0000000B)
    __rt_final_cpp                           0x080001a5   Thumb Code     0  entry10a.o(.ARM.Collect$$$$0000000D)
    __rt_final_exit                          0x080001a5   Thumb Code     0  entry11a.o(.ARM.Collect$$$$0000000F)
    Reset_Handler                            0x080001a9   Thumb Code     8  startup_stm32f401xe.o(.text)
    MemManage_Handler                        0x080001b5   Thumb Code     2  startup_stm32f401xe.o(.text)
    BusFault_Handler                         0x080001b7   Thumb Code     2  startup_stm32f401xe.o(.text)
    UsageFault_Handler                       0x080001b9   Thumb Code     2  startup_stm32f401xe.o(.text)
    ADC_IRQHandler                           0x080001c3   Thumb Code     0  startup_stm32f401xe.o(.text)
    DMA1_Stream0_IRQHandler                  0x080001c3   Thumb Code     0  startup_stm32f401xe.o(.text)
    DMA1_Stream1_IRQHandler                  0x080001c3   Thumb Code     0  startup_stm32f401xe.o(.text)
    DMA1_Stream2_IRQHandler                  0x080001c3   Thumb Code     0  startup_stm32f401xe.o(.text)
    DMA1_Stream3_IRQHandler                  0x080001c3   Thumb Code     0  startup_stm32f401xe.o(.text)
    DMA1_Stream4_IRQHandler                  0x080001c3   Thumb Code     0  startup_stm32f401xe.o(.text)
    DMA1_Stream5_IRQHandler                  0x080001c3   Thumb Code     0  startup_stm32f401xe.o(.text)
    DMA1_Stream6_IRQHandler                  0x080001c3   Thumb Code     0  startup_stm32f401xe.o(.text)
    DMA1_Stream7_IRQHandler                  0x080001c3   Thumb Code     0  startup_stm32f401xe.o(.text)
    DMA2_Stream0_IRQHandler                  0x080001c3   Thumb Code     0  startup_stm32f401xe.o(.text)
    DMA2_Stream1_IRQHandler                  0x080001c3   Thumb Code     0  startup_stm32f401xe.o(.text)
    DMA2_Stream2_IRQHandler                  0x080001c3   Thumb Code     0  startup_stm32f401xe.o(.text)
    DMA2_Stream3_IRQHandler                  0x080001c3   Thumb Code     0  startup_stm32f401xe.o(.text)
    DMA2_Stream4_IRQHandler                  0x080001c3   Thumb Code     0  startup_stm32f401xe.o(.text)
    DMA2_Stream5_IRQHandler                  0x080001c3   Thumb Code     0  startup_stm32f401xe.o(.text)
    DMA2_Stream6_IRQHandler                  0x080001c3   Thumb Code     0  startup_stm32f401xe.o(.text)
    DMA2_Stream7_IRQHandler                  0x080001c3   Thumb Code     0  startup_stm32f401xe.o(.text)
    EXTI1_IRQHandler                         0x080001c3   Thumb Code     0  startup_stm32f401xe.o(.text)
    EXTI2_IRQHandler                         0x080001c3   Thumb Code     0  startup_stm32f401xe.o(.text)
    EXTI3_IRQHandler                         0x080001c3   Thumb Code     0  startup_stm32f401xe.o(.text)
    EXTI4_IRQHandler                         0x080001c3   Thumb Code     0  startup_stm32f401xe.o(.text)
    EXTI9_5_IRQHandler                       0x080001c3   Thumb Code     0  startup_stm32f401xe.o(.text)
    FLASH_IRQHandler                         0x080001c3   Thumb Code     0  startup_stm32f401xe.o(.text)
    FPU_IRQHandler                           0x080001c3   Thumb Code     0  startup_stm32f401xe.o(.text)
    I2C1_ER_IRQHandler                       0x080001c3   Thumb Code     0  startup_stm32f401xe.o(.text)
    I2C1_EV_IRQHandler                       0x080001c3   Thumb Code     0  startup_stm32f401xe.o(.text)
    I2C2_ER_IRQHandler                       0x080001c3   Thumb Code     0  startup_stm32f401xe.o(.text)
    I2C2_EV_IRQHandler                       0x080001c3   Thumb Code     0  startup_stm32f401xe.o(.text)
    I2C3_ER_IRQHandler                       0x080001c3   Thumb Code     0  startup_stm32f401xe.o(.text)
    I2C3_EV_IRQHandler                       0x080001c3   Thumb Code     0  startup_stm32f401xe.o(.text)
    OTG_FS_IRQHandler                        0x080001c3   Thumb Code     0  startup_stm32f401xe.o(.text)
    OTG_FS_WKUP_IRQHandler                   0x080001c3   Thumb Code     0  startup_stm32f401xe.o(.text)
    PVD_IRQHandler                           0x080001c3   Thumb Code     0  startup_stm32f401xe.o(.text)
    RCC_IRQHandler                           0x080001c3   Thumb Code     0  startup_stm32f401xe.o(.text)
    RTC_Alarm_IRQHandler                     0x080001c3   Thumb Code     0  startup_stm32f401xe.o(.text)
    RTC_WKUP_IRQHandler                      0x080001c3   Thumb Code     0  startup_stm32f401xe.o(.text)
    SDIO_IRQHandler                          0x080001c3   Thumb Code     0  startup_stm32f401xe.o(.text)
    SPI1_IRQHandler                          0x080001c3   Thumb Code     0  startup_stm32f401xe.o(.text)
    SPI2_IRQHandler                          0x080001c3   Thumb Code     0  startup_stm32f401xe.o(.text)
    SPI3_IRQHandler                          0x080001c3   Thumb Code     0  startup_stm32f401xe.o(.text)
    SPI4_IRQHandler                          0x080001c3   Thumb Code     0  startup_stm32f401xe.o(.text)
    TAMP_STAMP_IRQHandler                    0x080001c3   Thumb Code     0  startup_stm32f401xe.o(.text)
    TIM1_BRK_TIM9_IRQHandler                 0x080001c3   Thumb Code     0  startup_stm32f401xe.o(.text)
    TIM1_CC_IRQHandler                       0x080001c3   Thumb Code     0  startup_stm32f401xe.o(.text)
    TIM1_TRG_COM_TIM11_IRQHandler            0x080001c3   Thumb Code     0  startup_stm32f401xe.o(.text)
    TIM1_UP_TIM10_IRQHandler                 0x080001c3   Thumb Code     0  startup_stm32f401xe.o(.text)
    TIM2_IRQHandler                          0x080001c3   Thumb Code     0  startup_stm32f401xe.o(.text)
    TIM3_IRQHandler                          0x080001c3   Thumb Code     0  startup_stm32f401xe.o(.text)
    TIM4_IRQHandler                          0x080001c3   Thumb Code     0  startup_stm32f401xe.o(.text)
    TIM5_IRQHandler                          0x080001c3   Thumb Code     0  startup_stm32f401xe.o(.text)
    USART1_IRQHandler                        0x080001c3   Thumb Code     0  startup_stm32f401xe.o(.text)
    USART2_IRQHandler                        0x080001c3   Thumb Code     0  startup_stm32f401xe.o(.text)
    USART6_IRQHandler                        0x080001c3   Thumb Code     0  startup_stm32f401xe.o(.text)
    WWDG_IRQHandler                          0x080001c3   Thumb Code     0  startup_stm32f401xe.o(.text)
    __aeabi_uldivmod                         0x080001cd   Thumb Code    98  uldiv.o(.text)
    rand                                     0x08000231   Thumb Code    20  rand.o(.text)
    srand                                    0x08000245   Thumb Code     6  rand.o(.text)
    ___aeabi_memcpy$ret                      0x08000255   Thumb Code    40  memcpy.o(.text)
    ___aeabi_memcpy4$ret                     0x08000255   Thumb Code     0  memcpy.o(.text)
    ___aeabi_memcpy8$ret                     0x08000255   Thumb Code     0  memcpy.o(.text)
    memcpy                                   0x08000255   Thumb Code     0  memcpy.o(.text)
    memset                                   0x0800027d   Thumb Code    18  memset.o(.text)
    strlen                                   0x0800028f   Thumb Code    14  strlen.o(.text)
    __aeabi_llsl                             0x0800029d   Thumb Code    30  llshl.o(.text)
    _ll_shift_l                              0x0800029d   Thumb Code     0  llshl.o(.text)
    __aeabi_llsr                             0x080002bb   Thumb Code    32  llushr.o(.text)
    _ll_ushift_r                             0x080002bb   Thumb Code     0  llushr.o(.text)
    __scatterload                            0x080002dd   Thumb Code    28  init.o(.text)
    __scatterload_rt2                        0x080002dd   Thumb Code     0  init.o(.text)
    Acc_Update                               0x08000301   Thumb Code    58  sensor_service.o(i.Acc_Update)
    Add_Acc_Service                          0x08000341   Thumb Code   384  sensor_service.o(i.Add_Acc_Service)
    Add_Environmental_Sensor_Service         0x080004c5   Thumb Code   752  sensor_service.o(i.Add_Environmental_Sensor_Service)
    BNRG_SPI_Init                            0x080007b9   Thumb Code    46  stm32_bluenrg_ble.o(i.BNRG_SPI_Init)
    BSP_PB_GetState                          0x080007f1   Thumb Code    16  stm32f4xx_nucleo.o(i.BSP_PB_GetState)
    BSP_PB_Init                              0x08000809   Thumb Code   108  stm32f4xx_nucleo.o(i.BSP_PB_Init)
    BlueNRG_DataPresent                      0x08000885   Thumb Code    18  stm32_bluenrg_ble.o(i.BlueNRG_DataPresent)
    BlueNRG_RST                              0x0800089d   Thumb Code    44  stm32_bluenrg_ble.o(i.BlueNRG_RST)
    BlueNRG_SPI_Read_All                     0x080008cd   Thumb Code   142  stm32_bluenrg_ble.o(i.BlueNRG_SPI_Read_All)
    BlueNRG_SPI_Write                        0x0800096d   Thumb Code   158  stm32_bluenrg_ble.o(i.BlueNRG_SPI_Write)
    Clear_SPI_EXTI_Flag                      0x08000a25   Thumb Code     8  stm32_bluenrg_ble.o(i.Clear_SPI_EXTI_Flag)
    DebugMon_Handler                         0x08000a31   Thumb Code     2  stm32xx_it.o(i.DebugMon_Handler)
    Disable_SPI_IRQ                          0x08000a33   Thumb Code     6  stm32_bluenrg_ble.o(i.Disable_SPI_IRQ)
    EXTI0_IRQHandler                         0x08000a39   Thumb Code     6  stm32xx_it.o(i.EXTI0_IRQHandler)
    EXTI15_10_IRQHandler                     0x08000a41   Thumb Code    18  stm32xx_it.o(i.EXTI15_10_IRQHandler)
    Enable_SPI_IRQ                           0x08000a59   Thumb Code     6  stm32_bluenrg_ble.o(i.Enable_SPI_IRQ)
    GAP_ConnectionComplete_CB                0x08000a61   Thumb Code    18  sensor_service.o(i.GAP_ConnectionComplete_CB)
    GAP_DisconnectionComplete_CB             0x08000a79   Thumb Code    14  sensor_service.o(i.GAP_DisconnectionComplete_CB)
    HAL_Delay                                0x08000a8d   Thumb Code    32  stm32f4xx_hal.o(i.HAL_Delay)
    HAL_GPIO_EXTI_Callback                   0x08000ab1   Thumb Code     4  bluenrg_interface.o(i.HAL_GPIO_EXTI_Callback)
    HAL_GPIO_EXTI_IRQHandler                 0x08000ab5   Thumb Code    18  stm32f4xx_hal_gpio.o(i.HAL_GPIO_EXTI_IRQHandler)
    HAL_GPIO_Init                            0x08000acd   Thumb Code   358  stm32f4xx_hal_gpio.o(i.HAL_GPIO_Init)
    HAL_GPIO_ReadPin                         0x08000c55   Thumb Code    10  stm32f4xx_hal_gpio.o(i.HAL_GPIO_ReadPin)
    HAL_GPIO_WritePin                        0x08000c5f   Thumb Code    10  stm32f4xx_hal_gpio.o(i.HAL_GPIO_WritePin)
    HAL_GetTick                              0x08000c69   Thumb Code     6  stm32f4xx_hal.o(i.HAL_GetTick)
    HAL_IncTick                              0x08000c75   Thumb Code    12  stm32f4xx_hal.o(i.HAL_IncTick)
    HAL_Init                                 0x08000c85   Thumb Code    48  stm32f4xx_hal.o(i.HAL_Init)
    HAL_InitTick                             0x08000cb9   Thumb Code    54  stm32f4xx_hal.o(i.HAL_InitTick)
    HAL_MspInit                              0x08000cf9   Thumb Code     2  stm32f4xx_hal.o(i.HAL_MspInit)
    HAL_NVIC_DisableIRQ                      0x08000cfb   Thumb Code    22  stm32f4xx_hal_cortex.o(i.HAL_NVIC_DisableIRQ)
    HAL_NVIC_EnableIRQ                       0x08000d11   Thumb Code    22  stm32f4xx_hal_cortex.o(i.HAL_NVIC_EnableIRQ)
    HAL_NVIC_SetPriority                     0x08000d29   Thumb Code    60  stm32f4xx_hal_cortex.o(i.HAL_NVIC_SetPriority)
    HAL_NVIC_SetPriorityGrouping             0x08000d69   Thumb Code    26  stm32f4xx_hal_cortex.o(i.HAL_NVIC_SetPriorityGrouping)
    HAL_RCC_ClockConfig                      0x08000d8d   Thumb Code   286  stm32f4xx_hal_rcc.o(i.HAL_RCC_ClockConfig)
    HAL_RCC_GetSysClockFreq                  0x08000ebd   Thumb Code    88  stm32f4xx_hal_rcc.o(i.HAL_RCC_GetSysClockFreq)
    HAL_RCC_OscConfig                        0x08000f21   Thumb Code   770  stm32f4xx_hal_rcc.o(i.HAL_RCC_OscConfig)
    HAL_SPI_Init                             0x0800123d   Thumb Code   140  stm32f4xx_hal_spi.o(i.HAL_SPI_Init)
    HAL_SPI_MspInit                          0x080012c9   Thumb Code   314  stm32f4xx_hal_msp.o(i.HAL_SPI_MspInit)
    HAL_SPI_TransmitReceive                  0x08001419   Thumb Code   622  stm32f4xx_hal_spi.o(i.HAL_SPI_TransmitReceive)
    HAL_SYSTICK_Config                       0x08001687   Thumb Code    40  stm32f4xx_hal_cortex.o(i.HAL_SYSTICK_Config)
    HCI_Event_CB                             0x080016af   Thumb Code    62  sensor_service.o(i.HCI_Event_CB)
    HCI_Init                                 0x080016ed   Thumb Code    48  hci.o(i.HCI_Init)
    HCI_Isr                                  0x08001725   Thumb Code    92  hci.o(i.HCI_Isr)
    HCI_Process                              0x08001785   Thumb Code    66  hci.o(i.HCI_Process)
    HCI_Queue_Empty                          0x080017cd   Thumb Code     6  hci.o(i.HCI_Queue_Empty)
    HCI_verify                               0x080017d9   Thumb Code    34  hci.o(i.HCI_verify)
    Hal_Write_Serial                         0x080017fb   Thumb Code    50  stm32_bluenrg_ble.o(i.Hal_Write_Serial)
    HardFault_Handler                        0x0800182d   Thumb Code     2  stm32xx_it.o(i.HardFault_Handler)
    Humidity_Update                          0x08001831   Thumb Code    30  sensor_service.o(i.Humidity_Update)
    NMI_Handler                              0x08001855   Thumb Code     2  stm32xx_it.o(i.NMI_Handler)
    Osal_MemCpy                              0x08001877   Thumb Code     4  osal.o(i.Osal_MemCpy)
    Osal_MemSet                              0x0800187b   Thumb Code     4  osal.o(i.Osal_MemSet)
    PendSV_Handler                           0x0800187f   Thumb Code     2  stm32xx_it.o(i.PendSV_Handler)
    Press_Update                             0x08001881   Thumb Code    30  sensor_service.o(i.Press_Update)
    Read_Request_CB                          0x080018a5   Thumb Code   174  sensor_service.o(i.Read_Request_CB)
    SVC_Handler                              0x08001a17   Thumb Code     2  stm32xx_it.o(i.SVC_Handler)
    SysTick_Handler                          0x08001a19   Thumb Code    16  stm32xx_it.o(i.SysTick_Handler)
    SystemClock_Config                       0x08001a2d   Thumb Code    60  cube_hal_f4.o(i.SystemClock_Config)
    SystemInit                               0x08001a69   Thumb Code    66  system_stm32f4xx.o(i.SystemInit)
    Temp_Update                              0x08001abd   Thumb Code    30  sensor_service.o(i.Temp_Update)
    Timer_Expired                            0x08001ae1   Thumb Code    28  gp_timer.o(i.Timer_Expired)
    Timer_Set                                0x08001afd   Thumb Code    14  gp_timer.o(i.Timer_Set)
    User_Process                             0x08001b0d   Thumb Code    72  main.o(i.User_Process)
    __scatterload_copy                       0x08001b61   Thumb Code    14  handlers.o(i.__scatterload_copy)
    __scatterload_null                       0x08001b6f   Thumb Code     2  handlers.o(i.__scatterload_null)
    __scatterload_zeroinit                   0x08001b71   Thumb Code    14  handlers.o(i.__scatterload_zeroinit)
    aci_gap_init_IDB04A1                     0x08001b7f   Thumb Code   110  bluenrg_gap_aci.o(i.aci_gap_init_IDB04A1)
    aci_gap_init_IDB05A1                     0x08001bed   Thumb Code   118  bluenrg_gap_aci.o(i.aci_gap_init_IDB05A1)
    aci_gap_set_auth_requirement             0x08001c63   Thumb Code   118  bluenrg_gap_aci.o(i.aci_gap_set_auth_requirement)
    aci_gap_set_discoverable                 0x08001cd9   Thumb Code   224  bluenrg_gap_aci.o(i.aci_gap_set_discoverable)
    aci_gatt_add_char                        0x08001db9   Thumb Code   194  bluenrg_gatt_aci.o(i.aci_gatt_add_char)
    aci_gatt_add_char_desc                   0x08001e7b   Thumb Code   246  bluenrg_gatt_aci.o(i.aci_gatt_add_char_desc)
    aci_gatt_add_serv                        0x08001f71   Thumb Code   132  bluenrg_gatt_aci.o(i.aci_gatt_add_serv)
    aci_gatt_allow_read                      0x08001ff5   Thumb Code    72  bluenrg_gatt_aci.o(i.aci_gatt_allow_read)
    aci_gatt_init                            0x0800203d   Thumb Code    60  bluenrg_gatt_aci.o(i.aci_gatt_init)
    aci_gatt_update_char_value               0x08002079   Thumb Code   144  bluenrg_gatt_aci.o(i.aci_gatt_update_char_value)
    aci_hal_set_tx_power_level               0x08002109   Thumb Code    74  bluenrg_hal_aci.o(i.aci_hal_set_tx_power_level)
    aci_hal_write_config_data                0x08002153   Thumb Code    96  bluenrg_hal_aci.o(i.aci_hal_write_config_data)
    getBlueNRGVersion                        0x080021b3   Thumb Code    82  bluenrg_utils_small.o(i.getBlueNRGVersion)
    hci_le_read_local_version                0x08002205   Thumb Code   128  hci_le.o(i.hci_le_read_local_version)
    hci_le_set_scan_resp_data                0x08002285   Thumb Code   100  hci_le.o(i.hci_le_set_scan_resp_data)
    hci_send_cmd                             0x080022e9   Thumb Code    48  hci.o(i.hci_send_cmd)
    hci_send_req                             0x08002319   Thumb Code   360  hci.o(i.hci_send_req)
    hci_write                                0x08002485   Thumb Code     4  hci.o(i.hci_write)
    list_get_size                            0x08002489   Thumb Code    28  ble_list.o(i.list_get_size)
    list_init_head                           0x080024a5   Thumb Code     6  ble_list.o(i.list_init_head)
    list_insert_head                         0x080024ab   Thumb Code    24  ble_list.o(i.list_insert_head)
    list_insert_tail                         0x080024c3   Thumb Code    24  ble_list.o(i.list_insert_tail)
    list_is_empty                            0x080024db   Thumb Code    24  ble_list.o(i.list_is_empty)
    list_remove_head                         0x080024f3   Thumb Code    36  ble_list.o(i.list_remove_head)
    list_remove_node                         0x08002517   Thumb Code    22  ble_list.o(i.list_remove_node)
    list_remove_tail                         0x0800252d   Thumb Code    36  ble_list.o(i.list_remove_tail)
    main                                     0x08002551   Thumb Code   220  main.o(i.main)
    send_char                                0x0800266d   Thumb Code    32  sensor_service.o(i.send_char)
    setConnectable                           0x08002691   Thumb Code    54  sensor_service.o(i.setConnectable)
    BUTTON_IRQn                              0x080026d0   Data           1  stm32f4xx_nucleo.o(.constdata)
    GPIO_PIN                                 0x080026d2   Data           2  stm32f4xx_nucleo.o(.constdata)
    BUTTON_PIN                               0x080026d4   Data           2  stm32f4xx_nucleo.o(.constdata)
    AHBPrescTable                            0x080026d6   Data          16  system_stm32f4xx.o(.constdata)
    Region$$Table$$Base                      0x080026e8   Number         0  anon$$obj.o(Region$$Table)
    Region$$Table$$Limit                     0x08002708   Number         0  anon$$obj.o(Region$$Table)
    bnrg_expansion_board                     0x20000000   Data           1  main.o(.data)
    button_event                             0x20000004   Data           1  stm32xx_it.o(.data)
    ms_counter                               0x20000008   Data           4  stm32xx_it.o(.data)
    set_connectable                          0x2000000c   Data           1  sensor_service.o(.data)
    notification_enabled                     0x2000000d   Data           1  sensor_service.o(.data)
    connection_handle                        0x2000000e   Data           2  sensor_service.o(.data)
    accServHandle                            0x20000010   Data           2  sensor_service.o(.data)
    freeFallCharHandle                       0x20000012   Data           2  sensor_service.o(.data)
    accCharHandle                            0x20000014   Data           2  sensor_service.o(.data)
    envSensServHandle                        0x20000016   Data           2  sensor_service.o(.data)
    tempCharHandle                           0x20000018   Data           2  sensor_service.o(.data)
    pressCharHandle                          0x2000001a   Data           2  sensor_service.o(.data)
    humidityCharHandle                       0x2000001c   Data           2  sensor_service.o(.data)
    connected                                0x20000020   Data           4  sensor_service.o(.data)
    GPIO_PORT                                0x20000024   Data           4  stm32f4xx_nucleo.o(.data)
    BUTTON_PORT                              0x20000028   Data           4  stm32f4xx_nucleo.o(.data)
    SpixTimeout                              0x2000002c   Data           4  stm32f4xx_nucleo.o(.data)
    SystemCoreClock                          0x20000030   Data           4  system_stm32f4xx.o(.data)
    uwTickFreq                               0x20000034   Data           1  stm32f4xx_hal.o(.data)
    uwTickPrio                               0x20000038   Data           4  stm32f4xx_hal.o(.data)
    uwTick                                   0x2000003c   Data           4  stm32f4xx_hal.o(.data)
    hciReadPktPool                           0x20000044   Data           8  hci.o(.data)
    hciReadPktRxQueue                        0x2000004c   Data           8  hci.o(.data)
    axes_data                                0x20000058   Data          12  sensor_service.o(.bss)
    SpiHandle                                0x20000064   Data          88  stm32_bluenrg_ble.o(.bss)
    __initial_sp                             0x20000778   Data           0  startup_stm32f401xe.o(STACK)



==============================================================================

Memory Map of the image

  Image Entry point : 0x08000195

  Load Region LR_IROM1 (Base: 0x08000000, Size: 0x00002760, Max: 0x00080000, ABSOLUTE)

    Execution Region ER_IROM1 (Exec base: 0x08000000, Load base: 0x08000000, Size: 0x00002708, Max: 0x00080000, ABSOLUTE)

    Exec Addr    Load Addr    Size         Type   Attr      Idx    E Section Name        Object

    0x08000000   0x08000000   0x00000194   Data   RO            3    RESET               startup_stm32f401xe.o
    0x08000194   0x08000194   0x00000000   Code   RO         3643  * .ARM.Collect$$$$00000000  mc_w.l(entry.o)
    0x08000194   0x08000194   0x00000004   Code   RO         3661    .ARM.Collect$$$$00000001  mc_w.l(entry2.o)
    0x08000198   0x08000198   0x00000004   Code   RO         3664    .ARM.Collect$$$$00000004  mc_w.l(entry5.o)
    0x0800019c   0x0800019c   0x00000000   Code   RO         3666    .ARM.Collect$$$$00000008  mc_w.l(entry7b.o)
    0x0800019c   0x0800019c   0x00000000   Code   RO         3668    .ARM.Collect$$$$0000000A  mc_w.l(entry8b.o)
    0x0800019c   0x0800019c   0x00000008   Code   RO         3669    .ARM.Collect$$$$0000000B  mc_w.l(entry9a.o)
    0x080001a4   0x080001a4   0x00000000   Code   RO         3671    .ARM.Collect$$$$0000000D  mc_w.l(entry10a.o)
    0x080001a4   0x080001a4   0x00000000   Code   RO         3673    .ARM.Collect$$$$0000000F  mc_w.l(entry11a.o)
    0x080001a4   0x080001a4   0x00000004   Code   RO         3662    .ARM.Collect$$$$00002712  mc_w.l(entry2.o)
    0x080001a8   0x080001a8   0x00000024   Code   RO            4    .text               startup_stm32f401xe.o
    0x080001cc   0x080001cc   0x00000062   Code   RO         3646    .text               mc_w.l(uldiv.o)
    0x0800022e   0x0800022e   0x00000002   PAD
    0x08000230   0x08000230   0x00000024   Code   RO         3648    .text               mc_w.l(rand.o)
    0x08000254   0x08000254   0x00000028   Code   RO         3651    .text               mc_w.l(memcpy.o)
    0x0800027c   0x0800027c   0x00000012   Code   RO         3653    .text               mc_w.l(memset.o)
    0x0800028e   0x0800028e   0x0000000e   Code   RO         3657    .text               mc_w.l(strlen.o)
    0x0800029c   0x0800029c   0x0000001e   Code   RO         3675    .text               mc_w.l(llshl.o)
    0x080002ba   0x080002ba   0x00000020   Code   RO         3677    .text               mc_w.l(llushr.o)
    0x080002da   0x080002da   0x00000002   PAD
    0x080002dc   0x080002dc   0x00000024   Code   RO         3679    .text               mc_w.l(init.o)
    0x08000300   0x08000300   0x00000040   Code   RO          362    i.Acc_Update        sensor_service.o
    0x08000340   0x08000340   0x00000184   Code   RO          363    i.Add_Acc_Service   sensor_service.o
    0x080004c4   0x080004c4   0x000002f4   Code   RO          364    i.Add_Environmental_Sensor_Service  sensor_service.o
    0x080007b8   0x080007b8   0x00000038   Code   RO          680    i.BNRG_SPI_Init     stm32_bluenrg_ble.o
    0x080007f0   0x080007f0   0x00000018   Code   RO          512    i.BSP_PB_GetState   stm32f4xx_nucleo.o
    0x08000808   0x08000808   0x0000007c   Code   RO          513    i.BSP_PB_Init       stm32f4xx_nucleo.o
    0x08000884   0x08000884   0x00000018   Code   RO          681    i.BlueNRG_DataPresent  stm32_bluenrg_ble.o
    0x0800089c   0x0800089c   0x00000030   Code   RO          683    i.BlueNRG_RST       stm32_bluenrg_ble.o
    0x080008cc   0x080008cc   0x000000a0   Code   RO          684    i.BlueNRG_SPI_Read_All  stm32_bluenrg_ble.o
    0x0800096c   0x0800096c   0x000000b8   Code   RO          685    i.BlueNRG_SPI_Write  stm32_bluenrg_ble.o
    0x08000a24   0x08000a24   0x0000000c   Code   RO          686    i.Clear_SPI_EXTI_Flag  stm32_bluenrg_ble.o
    0x08000a30   0x08000a30   0x00000002   Code   RO          289    i.DebugMon_Handler  stm32xx_it.o
    0x08000a32   0x08000a32   0x00000006   Code   RO          688    i.Disable_SPI_IRQ   stm32_bluenrg_ble.o
    0x08000a38   0x08000a38   0x00000006   Code   RO          290    i.EXTI0_IRQHandler  stm32xx_it.o
    0x08000a3e   0x08000a3e   0x00000002   PAD
    0x08000a40   0x08000a40   0x00000018   Code   RO          291    i.EXTI15_10_IRQHandler  stm32xx_it.o
    0x08000a58   0x08000a58   0x00000006   Code   RO          689    i.Enable_SPI_IRQ    stm32_bluenrg_ble.o
    0x08000a5e   0x08000a5e   0x00000002   PAD
    0x08000a60   0x08000a60   0x00000018   Code   RO          366    i.GAP_ConnectionComplete_CB  sensor_service.o
    0x08000a78   0x08000a78   0x00000014   Code   RO          367    i.GAP_DisconnectionComplete_CB  sensor_service.o
    0x08000a8c   0x08000a8c   0x00000024   Code   RO          827    i.HAL_Delay         stm32f4xx_hal.o
    0x08000ab0   0x08000ab0   0x00000004   Code   RO           13    i.HAL_GPIO_EXTI_Callback  bluenrg_interface.o
    0x08000ab4   0x08000ab4   0x00000018   Code   RO         1711    i.HAL_GPIO_EXTI_IRQHandler  stm32f4xx_hal_gpio.o
    0x08000acc   0x08000acc   0x00000188   Code   RO         1712    i.HAL_GPIO_Init     stm32f4xx_hal_gpio.o
    0x08000c54   0x08000c54   0x0000000a   Code   RO         1714    i.HAL_GPIO_ReadPin  stm32f4xx_hal_gpio.o
    0x08000c5e   0x08000c5e   0x0000000a   Code   RO         1716    i.HAL_GPIO_WritePin  stm32f4xx_hal_gpio.o
    0x08000c68   0x08000c68   0x0000000c   Code   RO          833    i.HAL_GetTick       stm32f4xx_hal.o
    0x08000c74   0x08000c74   0x00000010   Code   RO          837    i.HAL_IncTick       stm32f4xx_hal.o
    0x08000c84   0x08000c84   0x00000034   Code   RO          838    i.HAL_Init          stm32f4xx_hal.o
    0x08000cb8   0x08000cb8   0x00000040   Code   RO          839    i.HAL_InitTick      stm32f4xx_hal.o
    0x08000cf8   0x08000cf8   0x00000002   Code   RO          841    i.HAL_MspInit       stm32f4xx_hal.o
    0x08000cfa   0x08000cfa   0x00000016   Code   RO         1270    i.HAL_NVIC_DisableIRQ  stm32f4xx_hal_cortex.o
    0x08000d10   0x08000d10   0x00000016   Code   RO         1271    i.HAL_NVIC_EnableIRQ  stm32f4xx_hal_cortex.o
    0x08000d26   0x08000d26   0x00000002   PAD
    0x08000d28   0x08000d28   0x00000040   Code   RO         1277    i.HAL_NVIC_SetPriority  stm32f4xx_hal_cortex.o
    0x08000d68   0x08000d68   0x00000024   Code   RO         1278    i.HAL_NVIC_SetPriorityGrouping  stm32f4xx_hal_cortex.o
    0x08000d8c   0x08000d8c   0x00000130   Code   RO         1974    i.HAL_RCC_ClockConfig  stm32f4xx_hal_rcc.o
    0x08000ebc   0x08000ebc   0x00000064   Code   RO         1983    i.HAL_RCC_GetSysClockFreq  stm32f4xx_hal_rcc.o
    0x08000f20   0x08000f20   0x0000031c   Code   RO         1986    i.HAL_RCC_OscConfig  stm32f4xx_hal_rcc.o
    0x0800123c   0x0800123c   0x0000008c   Code   RO         2140    i.HAL_SPI_Init      stm32f4xx_hal_spi.o
    0x080012c8   0x080012c8   0x00000150   Code   RO          477    i.HAL_SPI_MspInit   stm32f4xx_hal_msp.o
    0x08001418   0x08001418   0x0000026e   Code   RO         2149    i.HAL_SPI_TransmitReceive  stm32f4xx_hal_spi.o
    0x08001686   0x08001686   0x00000028   Code   RO         1282    i.HAL_SYSTICK_Config  stm32f4xx_hal_cortex.o
    0x080016ae   0x080016ae   0x0000003e   Code   RO          368    i.HCI_Event_CB      sensor_service.o
    0x080016ec   0x080016ec   0x00000038   Code   RO         2467    i.HCI_Init          hci.o
    0x08001724   0x08001724   0x00000060   Code   RO         2468    i.HCI_Isr           hci.o
    0x08001784   0x08001784   0x00000048   Code   RO         2469    i.HCI_Process       hci.o
    0x080017cc   0x080017cc   0x0000000c   Code   RO         2470    i.HCI_Queue_Empty   hci.o
    0x080017d8   0x080017d8   0x00000022   Code   RO         2471    i.HCI_verify        hci.o
    0x080017fa   0x080017fa   0x00000032   Code   RO          690    i.Hal_Write_Serial  stm32_bluenrg_ble.o
    0x0800182c   0x0800182c   0x00000002   Code   RO          292    i.HardFault_Handler  stm32xx_it.o
    0x0800182e   0x0800182e   0x00000002   PAD
    0x08001830   0x08001830   0x00000024   Code   RO          369    i.Humidity_Update   sensor_service.o
    0x08001854   0x08001854   0x00000002   Code   RO          293    i.NMI_Handler       stm32xx_it.o
    0x08001856   0x08001856   0x00000020   Code   RO         1284    i.NVIC_SetPriority  stm32f4xx_hal_cortex.o
    0x08001876   0x08001876   0x00000004   Code   RO         3625    i.Osal_MemCpy       osal.o
    0x0800187a   0x0800187a   0x00000004   Code   RO         3626    i.Osal_MemSet       osal.o
    0x0800187e   0x0800187e   0x00000002   Code   RO          294    i.PendSV_Handler    stm32xx_it.o
    0x08001880   0x08001880   0x00000024   Code   RO          370    i.Press_Update      sensor_service.o
    0x080018a4   0x080018a4   0x000000bc   Code   RO          371    i.Read_Request_CB   sensor_service.o
    0x08001960   0x08001960   0x00000020   Code   RO         2166    i.SPI_CheckFlag_BSY  stm32f4xx_hal_spi.o
    0x08001980   0x08001980   0x00000096   Code   RO         2186    i.SPI_WaitFlagStateUntilTimeout  stm32f4xx_hal_spi.o
    0x08001a16   0x08001a16   0x00000002   Code   RO          295    i.SVC_Handler       stm32xx_it.o
    0x08001a18   0x08001a18   0x00000014   Code   RO          296    i.SysTick_Handler   stm32xx_it.o
    0x08001a2c   0x08001a2c   0x0000003c   Code   RO          163    i.SystemClock_Config  cube_hal_f4.o
    0x08001a68   0x08001a68   0x00000054   Code   RO          783    i.SystemInit        system_stm32f4xx.o
    0x08001abc   0x08001abc   0x00000024   Code   RO          372    i.Temp_Update       sensor_service.o
    0x08001ae0   0x08001ae0   0x0000001c   Code   RO         3487    i.Timer_Expired     gp_timer.o
    0x08001afc   0x08001afc   0x0000000e   Code   RO         3491    i.Timer_Set         gp_timer.o
    0x08001b0a   0x08001b0a   0x00000002   PAD
    0x08001b0c   0x08001b0c   0x00000054   Code   RO          190    i.User_Process      main.o
    0x08001b60   0x08001b60   0x0000000e   Code   RO         3683    i.__scatterload_copy  mc_w.l(handlers.o)
    0x08001b6e   0x08001b6e   0x00000002   Code   RO         3684    i.__scatterload_null  mc_w.l(handlers.o)
    0x08001b70   0x08001b70   0x0000000e   Code   RO         3685    i.__scatterload_zeroinit  mc_w.l(handlers.o)
    0x08001b7e   0x08001b7e   0x0000006e   Code   RO         2770    i.aci_gap_init_IDB04A1  bluenrg_gap_aci.o
    0x08001bec   0x08001bec   0x00000076   Code   RO         2771    i.aci_gap_init_IDB05A1  bluenrg_gap_aci.o
    0x08001c62   0x08001c62   0x00000076   Code   RO         2777    i.aci_gap_set_auth_requirement  bluenrg_gap_aci.o
    0x08001cd8   0x08001cd8   0x000000e0   Code   RO         2782    i.aci_gap_set_discoverable  bluenrg_gap_aci.o
    0x08001db8   0x08001db8   0x000000c2   Code   RO         3040    i.aci_gatt_add_char  bluenrg_gatt_aci.o
    0x08001e7a   0x08001e7a   0x000000f6   Code   RO         3041    i.aci_gatt_add_char_desc  bluenrg_gatt_aci.o
    0x08001f70   0x08001f70   0x00000084   Code   RO         3042    i.aci_gatt_add_serv  bluenrg_gatt_aci.o
    0x08001ff4   0x08001ff4   0x00000048   Code   RO         3043    i.aci_gatt_allow_read  bluenrg_gatt_aci.o
    0x0800203c   0x0800203c   0x0000003c   Code   RO         3056    i.aci_gatt_init     bluenrg_gatt_aci.o
    0x08002078   0x08002078   0x00000090   Code   RO         3069    i.aci_gatt_update_char_value  bluenrg_gatt_aci.o
    0x08002108   0x08002108   0x0000004a   Code   RO         3322    i.aci_hal_set_tx_power_level  bluenrg_hal_aci.o
    0x08002152   0x08002152   0x00000060   Code   RO         3325    i.aci_hal_write_config_data  bluenrg_hal_aci.o
    0x080021b2   0x080021b2   0x00000052   Code   RO         3433    i.getBlueNRGVersion  bluenrg_utils_small.o
    0x08002204   0x08002204   0x00000080   Code   RO         2570    i.hci_le_read_local_version  hci_le.o
    0x08002284   0x08002284   0x00000064   Code   RO         2581    i.hci_le_set_scan_resp_data  hci_le.o
    0x080022e8   0x080022e8   0x00000030   Code   RO         2472    i.hci_send_cmd      hci.o
    0x08002318   0x08002318   0x0000016c   Code   RO         2473    i.hci_send_req      hci.o
    0x08002484   0x08002484   0x00000004   Code   RO         2475    i.hci_write         hci.o
    0x08002488   0x08002488   0x0000001c   Code   RO         3537    i.list_get_size     ble_list.o
    0x080024a4   0x080024a4   0x00000006   Code   RO         3538    i.list_init_head    ble_list.o
    0x080024aa   0x080024aa   0x00000018   Code   RO         3539    i.list_insert_head  ble_list.o
    0x080024c2   0x080024c2   0x00000018   Code   RO         3542    i.list_insert_tail  ble_list.o
    0x080024da   0x080024da   0x00000018   Code   RO         3543    i.list_is_empty     ble_list.o
    0x080024f2   0x080024f2   0x00000024   Code   RO         3544    i.list_remove_head  ble_list.o
    0x08002516   0x08002516   0x00000016   Code   RO         3545    i.list_remove_node  ble_list.o
    0x0800252c   0x0800252c   0x00000024   Code   RO         3546    i.list_remove_tail  ble_list.o
    0x08002550   0x08002550   0x000000f8   Code   RO          191    i.main              main.o
    0x08002648   0x08002648   0x00000024   Code   RO         2476    i.move_list         hci.o
    0x0800266c   0x0800266c   0x00000024   Code   RO          373    i.send_char         sensor_service.o
    0x08002690   0x08002690   0x00000040   Code   RO          374    i.setConnectable    sensor_service.o
    0x080026d0   0x080026d0   0x00000006   Data   RO          529    .constdata          stm32f4xx_nucleo.o
    0x080026d6   0x080026d6   0x00000010   Data   RO          784    .constdata          system_stm32f4xx.o
    0x080026e6   0x080026e6   0x00000002   PAD
    0x080026e8   0x080026e8   0x00000020   Data   RO         3681    Region$$Table       anon$$obj.o


    Execution Region RW_IRAM1 (Exec base: 0x20000000, Load base: 0x08002708, Size: 0x00000778, Max: 0x00018000, ABSOLUTE)

    Exec Addr    Load Addr    Size         Type   Attr      Idx    E Section Name        Object

    0x20000000   0x08002708   0x00000001   Data   RW          194    .data               main.o
    0x20000001   0x08002709   0x00000003   PAD
    0x20000004   0x0800270c   0x00000008   Data   RW          297    .data               stm32xx_it.o
    0x2000000c   0x08002714   0x00000018   Data   RW          376    .data               sensor_service.o
    0x20000024   0x0800272c   0x0000000c   Data   RW          530    .data               stm32f4xx_nucleo.o
    0x20000030   0x08002738   0x00000004   Data   RW          786    .data               system_stm32f4xx.o
    0x20000034   0x0800273c   0x0000000c   Data   RW          845    .data               stm32f4xx_hal.o
    0x20000040   0x08002748   0x00000014   Data   RW         2478    .data               hci.o
    0x20000054   0x0800275c   0x00000004   Data   RW         3649    .data               mc_w.l(rand.o)
    0x20000058        -       0x0000000c   Zero   RW          375    .bss                sensor_service.o
    0x20000064        -       0x00000058   Zero   RW          694    .bss                stm32_bluenrg_ble.o
    0x200000bc        -       0x000002bc   Zero   RW         2477    .bss                hci.o
    0x20000378        -       0x00000400   Zero   RW            1    STACK               startup_stm32f401xe.o


==============================================================================

Image component sizes


      Code (inc. data)   RO Data    RW Data    ZI Data      Debug   Object Name

       200          0          0          0          0      12228   ble_list.o
       570          0          0          0          0       5764   bluenrg_gap_aci.o
       848          0          0          0          0       8364   bluenrg_gatt_aci.o
       170          0          0          0          0       2945   bluenrg_hal_aci.o
         4          0          0          0          0     402108   bluenrg_interface.o
        82          0          0          0          0       1884   bluenrg_utils_small.o
        60          0          0          0          0        689   cube_hal_f4.o
        42          0          0          0          0       2088   gp_timer.o
       722         28          0         20        700      10019   hci.o
       228          0          0          0          0       2852   hci_le.o
       332         40          0          1          0      44344   main.o
         8          0          0          0          0       1572   osal.o
      1710         72          0         24         12      12857   sensor_service.o
        36          8        404          0       1024        912   startup_stm32f401xe.o
       546         68          0          0         88       8452   stm32_bluenrg_ble.o
       182         28          0         12          0       5931   stm32f4xx_hal.o
       216         14          0          0          0      31901   stm32f4xx_hal_cortex.o
       436         40          0          0          0       4238   stm32f4xx_hal_gpio.o
       336         22          0          0          0       1450   stm32f4xx_hal_msp.o
      1200         56          0          0          0       4402   stm32f4xx_hal_rcc.o
       944          0          0          0          0       5113   stm32f4xx_hal_spi.o
       148         24          6         12          0       3758   stm32f4xx_nucleo.o
        60         10          0          8          0       5142   stm32xx_it.o
        84         18         16          4          0       1415   system_stm32f4xx.o

    ----------------------------------------------------------------------
      9174        428        460         84       1824     580428   Object Totals
         0          0         32          0          0          0   (incl. Generated)
        10          0          2          3          0          0   (incl. Padding)

    ----------------------------------------------------------------------

      Code (inc. data)   RO Data    RW Data    ZI Data      Debug   Library Member Name

         0          0          0          0          0          0   entry.o
         0          0          0          0          0          0   entry10a.o
         0          0          0          0          0          0   entry11a.o
         8          4          0          0          0          0   entry2.o
         4          0          0          0          0          0   entry5.o
         0          0          0          0          0          0   entry7b.o
         0          0          0          0          0          0   entry8b.o
         8          4          0          0          0          0   entry9a.o
        30          0          0          0          0          0   handlers.o
        36          8          0          0          0         68   init.o
        30          0          0          0          0         68   llshl.o
        32          0          0          0          0         68   llushr.o
        40          0          0          0          0         76   memcpy.o
        18          0          0          0          0         76   memset.o
        36         10          0          4          0        136   rand.o
        14          0          0          0          0         68   strlen.o
        98          0          0          0          0         92   uldiv.o

    ----------------------------------------------------------------------
       358         26          0          4          0        652   Library Totals
         4          0          0          0          0          0   (incl. Padding)

    ----------------------------------------------------------------------

      Code (inc. data)   RO Data    RW Data    ZI Data      Debug   Library Name

       354         26          0          4          0        652   mc_w.l

    ----------------------------------------------------------------------
       358         26          0          4          0        652   Library Totals

    ----------------------------------------------------------------------

==============================================================================


      Code (inc. data)   RO Data    RW Data    ZI Data      Debug   

      9532        454        460         88       1824     572176   Grand Totals
      9532        454        460         88       1824     572176   ELF Image Totals
      9532        454        460         88          0          0   ROM Totals

==============================================================================

    Total RO  Size (Code + RO Data)                 9992 (   9.76kB)
    Total RW  Size (RW Data + ZI Data)              1912 (   1.87kB)
    Total ROM Size (Code + RO Data + RW Data)      10080 (   9.84kB)

==============================================================================

