<html>
<body>
<pre>
<h1>µVision Build Log</h1>
<h2>Tool Versions:</h2>
IDE-Version: µVision V5.25.2.0
Copyright (C) 2018 ARM Ltd and ARM Germany GmbH. All rights reserved.
License Information: Maxime Baconnais, CSUSM, LIC=----
 
Tool Versions:
Toolchain:       MDK-Lite  Version: 5.25.2.0
Toolchain Path:  C:\Keil_v5\ARM\ARMCC\Bin
C Compiler:      Armcc.exe V5.06 update 6 (build 750)
Assembler:       Armasm.exe V5.06 update 6 (build 750)
Linker/Locator:  ArmLink.exe V5.06 update 6 (build 750)
Library Manager: ArmAr.exe V5.06 update 6 (build 750)
Hex Converter:   FromElf.exe V5.06 update 6 (build 750)
CPU DLL:         SARMCM3.DLL V5.25.2.0
Dialog DLL:      DCM.DLL V1.17.1.0
Target DLL:      STLink\ST-LINKIII-KEIL_SWO.dll V3.0.1.0
Dialog DLL:      TCM.DLL V1.35.1.0
 
<h2>Project:</h2>
C:\Users\mbaco\Downloads\en.X-CUBE-BLE1\STM32CubeExpansion_BLE1_V3.3.0\Projects\Multi\Applications\SensorDemo\MDK-ARM\STM32F401RE-Nucleo\SensorDemoProject.uvprojx
Project File Date:  06/24/2018

<h2>Output:</h2>
*** Using Compiler 'V5.06 update 6 (build 750)', folder: 'C:\Keil_v5\ARM\ARMCC\Bin'
Rebuild target 'SensDemo_F4xx_Nucleo'
assembling startup_stm32f401xe.s...
compiling cube_hal_f4.c...
compiling bluenrg_interface.c...
compiling main.c...
compiling stm32xx_it.c...
compiling stm32f4xx_hal_msp.c...
compiling sensor_service.c...
compiling system_stm32f4xx.c...
compiling stm32_bluenrg_ble.c...
compiling stm32f4xx_nucleo.c...
compiling stm32f4xx_hal.c...
compiling stm32f4xx_hal_adc.c...
compiling stm32f4xx_hal_adc_ex.c...
compiling stm32f4xx_hal_cortex.c...
compiling stm32f4xx_hal_dma.c...
compiling stm32f4xx_hal_flash.c...
compiling stm32f4xx_hal_flash_ex.c...
compiling stm32f4xx_hal_pwr.c...
compiling stm32f4xx_hal_gpio.c...
compiling stm32f4xx_hal_pwr_ex.c...
compiling stm32f4xx_hal_rcc_ex.c...
compiling stm32f4xx_hal_rcc.c...
compiling hci.c...
compiling hci_le.c...
compiling stm32f4xx_hal_spi.c...
compiling bluenrg_hal_aci.c...
compiling bluenrg_gatt_aci.c...
compiling bluenrg_gap_aci.c...
compiling bluenrg_l2cap_aci.c...
compiling bluenrg_itf.c...
compiling gp_timer.c...
compiling bluenrg_utils_small.c...
compiling osal.c...
compiling ble_list.c...
linking...
Program Size: Code=9508 RO-data=460 RW-data=88 ZI-data=1824  
FromELF: creating hex file...
".\STM32F401RE_NUCLEO\SensorDemo_F401RE.axf" - 0 Error(s), 0 Warning(s).

<h2>Software Packages used:</h2>

Package Vendor: Keil
                http://www.keil.com/pack/Keil.STM32F4xx_DFP.2.13.0.pack
                Keil.STM32F4xx_DFP.2.13.0
                STMicroelectronics STM32F4 Series Device Support, Drivers and Examples

<h2>Collection of Component include folders:</h2>
  .\RTE\_SensDemo_F4xx_Nucleo
  C:\Keil_v5\ARM\PACK\Keil\STM32F4xx_DFP\2.13.0\Drivers\CMSIS\Device\ST\STM32F4xx\Include

<h2>Collection of Component Files used:</h2>
Build Time Elapsed:  00:00:27
</pre>
</body>
</html>
